ARM Linker, 5.03 [Build 76] [MDK-ARM Professional]

==============================================================================

Section Cross References

    startup.o(STACK) refers (Special) to heapauxi.o(.text) for __use_two_region_memory
    startup.o(HEAP) refers (Special) to heapauxi.o(.text) for __use_two_region_memory
    startup.o(RESET) refers (Special) to heapauxi.o(.text) for __use_two_region_memory
    startup.o(RESET) refers to startup.o(STACK) for StackMem
    startup.o(RESET) refers to systick.o(i.SysTick_Handler) for SysTick_Handler
    startup.o(RESET) refers to button.o(i.GPIOPortE_Handler) for GPIOPortE_Handler
    startup.o(RESET) refers to displaymap.o(i.Timer0A_Handler) for Timer0A_Handler
    startup.o(RESET) refers to timer1.o(i.Timer1A_Handler) for Timer1A_Handler
    startup.o(RESET) refers to __main.o(!!!main) for __main
    startup.o(.text) refers (Special) to heapauxi.o(.text) for __use_two_region_memory
    startup.o(.text) refers to startup.o(HEAP) for HeapMem
    startup.o(.text) refers to startup.o(STACK) for StackMem
    random.o(.text) refers to random.o(DATA) for M
    adc.o(i.ADC_Convert) refers to adc.o(i.ADC_In) for ADC_In
    timer1.o(i.Timer1A_Handler) refers to timer1.o(.data) for PeriodicTask1
    timer1.o(i.Timer1_Init) refers to timer1.o(.data) for PeriodicTask1
    print.o(.text) refers (Special) to st7735.o(i.ST7735_OutString) for ST7735_OutString
    print.o(.text) refers to st7735.o(i.ST7735_OutChar) for ST7735_OutChar
    spaceinvaders.o(i.main) refers to pll.o(i.PLL_Init) for PLL_Init
    spaceinvaders.o(i.main) refers to st7735.o(i.ST7735_InitR) for ST7735_InitR
    spaceinvaders.o(i.main) refers to random.o(.text) for Random_Init
    spaceinvaders.o(i.main) refers to button.o(i.Button_Init) for Button_Init
    spaceinvaders.o(i.main) refers to startup.o(.text) for EnableInterrupts
    spaceinvaders.o(i.main) refers to mainmenu.o(i.Menu) for Menu
    spaceinvaders.o(i.main) refers to spaceinvaders.o(i.Delay100ms) for Delay100ms
    spaceinvaders.o(i.main) refers to adc.o(i.ADC_Init) for ADC_Init
    spaceinvaders.o(i.main) refers to systick.o(i.SysTick_Init) for SysTick_Init
    spaceinvaders.o(i.main) refers to bullet.o(i.Bullet_Init) for Bullet_Init
    spaceinvaders.o(i.main) refers to st7735.o(i.ST7735_FillScreen) for ST7735_FillScreen
    spaceinvaders.o(i.main) refers to player.o(i.Player_Init) for Player_Init
    spaceinvaders.o(i.main) refers to boss.o(i.Boss_Init) for Boss_Init
    spaceinvaders.o(i.main) refers to bullethell.o(i.BossBullet_Init) for BossBullet_Init
    spaceinvaders.o(i.main) refers to boss.o(i.Color_Init) for Color_Init
    spaceinvaders.o(i.main) refers to player.o(i.Move_Player) for Move_Player
    spaceinvaders.o(i.main) refers to bullethell.o(i.BossBullet) for BossBullet
    spaceinvaders.o(i.main) refers to bullethell.o(i.PlayerBulletHell) for PlayerBulletHell
    spaceinvaders.o(i.main) refers to st7735.o(i.ST7735_FillRect) for ST7735_FillRect
    spaceinvaders.o(i.main) refers to button.o(.data) for buttonStatus
    spaceinvaders.o(i.main) refers to spaceinvaders.o(.data) for hellStage
    st7735.o(i.Output_Clear) refers to st7735.o(i.ST7735_FillScreen) for ST7735_FillScreen
    st7735.o(i.Output_Color) refers to st7735.o(i.ST7735_SetTextColor) for ST7735_SetTextColor
    st7735.o(i.Output_Init) refers to st7735.o(i.ST7735_InitR) for ST7735_InitR
    st7735.o(i.Output_Init) refers to st7735.o(i.ST7735_FillScreen) for ST7735_FillScreen
    st7735.o(i.Output_Off) refers to st7735.o(i.Output_Clear) for Output_Clear
    st7735.o(i.Output_On) refers to st7735.o(i.Output_Init) for Output_Init
    st7735.o(i.ST7735_DrawBitmap) refers to st7735.o(i.setAddrWindow) for setAddrWindow
    st7735.o(i.ST7735_DrawBitmap) refers to lcd.o(.text) for writedata
    st7735.o(i.ST7735_DrawBitmap) refers to st7735.o(.data) for _width
    st7735.o(i.ST7735_DrawChar) refers to st7735.o(i.setAddrWindow) for setAddrWindow
    st7735.o(i.ST7735_DrawChar) refers to st7735.o(i.pushColor) for pushColor
    st7735.o(i.ST7735_DrawChar) refers to st7735.o(.data) for _width
    st7735.o(i.ST7735_DrawChar) refers to st7735.o(.constdata) for Font
    st7735.o(i.ST7735_DrawCharS) refers to st7735.o(i.ST7735_DrawPixel) for ST7735_DrawPixel
    st7735.o(i.ST7735_DrawCharS) refers to st7735.o(i.ST7735_FillRect) for ST7735_FillRect
    st7735.o(i.ST7735_DrawCharS) refers to st7735.o(.data) for _width
    st7735.o(i.ST7735_DrawCharS) refers to st7735.o(.constdata) for Font
    st7735.o(i.ST7735_DrawFastHLine) refers to st7735.o(i.setAddrWindow) for setAddrWindow
    st7735.o(i.ST7735_DrawFastHLine) refers to lcd.o(.text) for writedata
    st7735.o(i.ST7735_DrawFastHLine) refers to st7735.o(.data) for _width
    st7735.o(i.ST7735_DrawFastVLine) refers to st7735.o(i.setAddrWindow) for setAddrWindow
    st7735.o(i.ST7735_DrawFastVLine) refers to lcd.o(.text) for writedata
    st7735.o(i.ST7735_DrawFastVLine) refers to st7735.o(.data) for _width
[...]
    st7735.o(i.ST7735_PlotPoints) refers to st7735.o(i.ST7735_DrawPixel) for ST7735_DrawPixel
    st7735.o(i.ST7735_PlotPoints) refers to st7735.o(.data) for Ymin
    st7735.o(i.ST7735_PlotdBfs) refers to st7735.o(i.ST7735_DrawFastVLine) for ST7735_DrawFastVLine
    st7735.o(i.ST7735_PlotdBfs) refers to st7735.o(.constdata) for dBfs
    st7735.o(i.ST7735_PlotdBfs) refers to st7735.o(.data) for X
    st7735.o(i.ST7735_SetCursor) refers to st7735.o(.data) for StX
    st7735.o(i.ST7735_SetRotation) refers to lcd.o(.text) for writecommand
    st7735.o(i.ST7735_SetRotation) refers to st7735.o(.data) for Rotation
    st7735.o(i.ST7735_SetTextColor) refers to st7735.o(.data) for StTextColor
    st7735.o(i.commandList) refers to lcd.o(.text) for writecommand
    st7735.o(i.commandList) refers to st7735.o(i.Delay1ms) for Delay1ms
    st7735.o(i.commonInit) refers to st7735.o(i.Delay1ms) for Delay1ms
    st7735.o(i.commonInit) refers to st7735.o(i.commandList) for commandList
    st7735.o(i.commonInit) refers to st7735.o(.data) for RowStart
    st7735.o(i.fillmessage) refers to st7735.o(.bss) for Message
    st7735.o(i.fillmessage) refers to st7735.o(.data) for Messageindex
    st7735.o(i.fputc) refers to st7735.o(i.ST7735_OutChar) for ST7735_OutChar
    st7735.o(i.pushColor) refers to lcd.o(.text) for writedata
    st7735.o(i.setAddrWindow) refers to lcd.o(.text) for writecommand
    st7735.o(i.setAddrWindow) refers to st7735.o(.data) for ColStart
    systick.o(i.SysTick_Handler) refers to adc.o(i.ADC_Convert) for ADC_Convert
    systick.o(i.SysTick_Handler) refers to movement.o(i.Process_Move) for Process_Move
    systick.o(i.SysTick_Handler) refers to systick.o(.data) for CurrentMove
    systick.o(i.SysTick_Handler) refers to player.o(.data) for Player1
    movement.o(i.MoveX) refers to st7735.o(i.ST7735_DrawBitmap) for ST7735_DrawBitmap
    movement.o(i.MoveY) refers to st7735.o(i.ST7735_DrawBitmap) for ST7735_DrawBitmap
    bullet.o(i.Bullet_Init) refers to bullet.o(.bss) for PlayerBullets
    bullet.o(i.EnemyBullet) refers to bullet.o(i.enemyAttack) for enemyAttack
    bullet.o(i.EnemyBullet) refers to bullet.o(i.createEnemyBullet) for createEnemyBullet
    bullet.o(i.EnemyBullet) refers to bullet.o(i.checkBulletPlayer) for checkBulletPlayer
    bullet.o(i.EnemyBullet) refers to bullet.o(i.checkBulletObstacle) for checkBulletObstacle
    bullet.o(i.EnemyBullet) refers to bullet.o(i.checkBulletEdge) for checkBulletEdge
    bullet.o(i.EnemyBullet) refers to bullet.o(i.moveBullet) for moveBullet
    bullet.o(i.EnemyBullet) refers to bullet.o(.data) for TriggerCount
    bullet.o(i.EnemyBullet) refers to bullet.o(.bss) for EnemyBullets
    bullet.o(i.PlayerBullet) refers to bullet.o(i.checkButton) for checkButton
    bullet.o(i.PlayerBullet) refers to bullet.o(i.createBullet) for createBullet
    bullet.o(i.PlayerBullet) refers to bullet.o(i.checkBulletEnemy) for checkBulletEnemy
    bullet.o(i.PlayerBullet) refers to bullet.o(i.checkBulletObstacle) for checkBulletObstacle
    bullet.o(i.PlayerBullet) refers to bullet.o(i.checkBulletEdge) for checkBulletEdge
    bullet.o(i.PlayerBullet) refers to bullet.o(i.moveBullet) for moveBullet
    bullet.o(i.PlayerBullet) refers to bullet.o(.data) for TriggerCountPlayer
    bullet.o(i.PlayerBullet) refers to bullet.o(.bss) for PlayerBullets
    bullet.o(i.checkBulletEdge) refers to bullet.o(i.edgeCheck) for edgeCheck
    bullet.o(i.checkBulletEdge) refers to st7735.o(i.ST7735_FillRect) for ST7735_FillRect
    bullet.o(i.checkBulletEnemy) refers to bullet.o(i.hitBoxCheck) for hitBoxCheck
    bullet.o(i.checkBulletEnemy) refers to st7735.o(i.ST7735_FillRect) for ST7735_FillRect
    bullet.o(i.checkBulletEnemy) refers to enemy.o(.bss) for Enemies
    bullet.o(i.checkBulletObstacle) refers to bullet.o(i.hitBoxCheck) for hitBoxCheck
    bullet.o(i.checkBulletObstacle) refers to st7735.o(i.ST7735_FillRect) for ST7735_FillRect
    bullet.o(i.checkBulletObstacle) refers to enemy.o(.data) for Bunkers
    bullet.o(i.checkBulletPlayer) refers to bullet.o(i.hitBoxCheck) for hitBoxCheck
    bullet.o(i.checkBulletPlayer) refers to st7735.o(i.ST7735_FillRect) for ST7735_FillRect
    bullet.o(i.checkBulletPlayer) refers to player.o(.data) for Player1
    bullet.o(i.checkBulletPlayer) refers to spaceinvaders.o(.data) for gameProgress
    bullet.o(i.checkButton) refers to button.o(.data) for buttonStatus
    bullet.o(i.createBullet) refers to bullet.o(.data) for BulletCount
    bullet.o(i.createBullet) refers to bullet.o(.bss) for PlayerBullets
    bullet.o(i.createBullet) refers to player.o(.data) for Player1
    bullet.o(i.createEnemyBullet) refers to bullet.o(.data) for EnemyBulletCount
    bullet.o(i.createEnemyBullet) refers to bullet.o(.bss) for EnemyBullets
    bullet.o(i.enemyAttack) refers to random.o(.text) for Random
    bullet.o(i.enemyAttack) refers to enemy.o(.bss) for Enemies
    bullet.o(i.moveBullet) refers to st7735.o(i.ST7735_FillRect) for ST7735_FillRect
    mainmenu.o(i.Menu) refers to st7735.o(i.ST7735_DrawBitmap) for ST7735_DrawBitmap
    mainmenu.o(i.Menu) refers to player.o(.constdata) for MainMenu
    mainmenu.o(i.Menu) refers to mainmenu.o(.data) for MenuCursor
    mainmenu.o(i.UpdateMenu) refers to st7735.o(i.ST7735_FillRect) for ST7735_FillRect
    mainmenu.o(i.UpdateMenu) refers to st7735.o(i.ST7735_DrawBitmap) for ST7735_DrawBitmap
    mainmenu.o(i.UpdateMenu) refers to mainmenu.o(.data) for CursorState
    mainmenu.o(.data) refers to player.o(.constdata) for CuteAlien
    player.o(i.Move_Player) refers to movement.o(i.MoveX) for MoveX
    player.o(i.Move_Player) refers to systick.o(.data) for playerflag
    player.o(i.Move_Player) refers to player.o(.data) for Player1
    player.o(i.Player_Init) refers to st7735.o(i.ST7735_DrawBitmap) for ST7735_DrawBitmap
    player.o(i.Player_Init) refers to player.o(.data) for Player1
    player.o(.data) refers to player.o(.constdata) for PlayerRightFrame_1
    enemy.o(i.Bunker_Init) refers to st7735.o(i.ST7735_DrawBitmap) for ST7735_DrawBitmap
    enemy.o(i.Bunker_Init) refers to enemy.o(.data) for Bunkers
    enemy.o(i.Enemy_Dead) refers to enemy.o(.bss) for Enemies
    enemy.o(i.Enemy_Dead) refers to spaceinvaders.o(.data) for gameProgress
    enemy.o(i.Enemy_Init) refers to st7735.o(i.ST7735_DrawBitmap) for ST7735_DrawBitmap
    enemy.o(i.Enemy_Init) refers to enemy.o(.bss) for Enemies
    enemy.o(i.Enemy_Init) refers to player.o(.constdata) for CuteAlien
    enemy.o(i.Fill_Enemy) refers to enemy.o(.bss) for Enemies
    enemy.o(i.Move_Enemy) refers to enemy.o(i.Fill_Enemy) for Fill_Enemy
    enemy.o(i.Move_Enemy) refers to movement.o(i.MoveX) for MoveX
    enemy.o(i.Move_Enemy) refers to movement.o(i.MoveY) for MoveY
    enemy.o(i.Move_Enemy) refers to enemy.o(.data) for enemyxtime
    enemy.o(i.Move_Enemy) refers to enemy.o(.bss) for Enemies
    enemy.o(.data) refers to player.o(.constdata) for Bunker0
    button.o(i.GPIOPortE_Handler) refers to button.o(.data) for buttonStatus
    boss.o(i.Boss_Init) refers to st7735.o(i.ST7735_DrawBitmap) for ST7735_DrawBitmap
    boss.o(i.Boss_Init) refers to boss.o(.data) for Bosses
    boss.o(i.ChooseRandAttack) refers to random.o(.text) for Random
    boss.o(i.ChooseRandAttack) refers to rt_memcpy_w.o(.text) for __aeabi_memcpy4
    boss.o(i.ChooseRandAttack) refers to boss.o(.data) for Boss1
    boss.o(i.Color_Init) refers to st7735.o(i.ST7735_Color565) for ST7735_Color565
    boss.o(i.Color_Init) refers to boss.o(.data) for red
    boss.o(.data) refers to player.o(.constdata) for StackOverflow
    bullethell.o(i.BossBullet) refers to boss.o(i.ChooseRandAttack) for ChooseRandAttack
    bullethell.o(i.BossBullet) refers to rt_memcpy_w.o(.text) for __aeabi_memcpy4
    bullethell.o(i.BossBullet) refers to bullethell.o(i.createBossBullet) for createBossBullet
    bullethell.o(i.BossBullet) refers to bullet.o(i.checkBulletPlayer) for checkBulletPlayer
    bullethell.o(i.BossBullet) refers to bullet.o(i.checkBulletEdge) for checkBulletEdge
    bullethell.o(i.BossBullet) refers to bullet.o(i.moveBullet) for moveBullet
    bullethell.o(i.BossBullet) refers to bullethell.o(.data) for TriggerCountBoss
    bullethell.o(i.BossBullet) refers to bullethell.o(.bss) for attack
    bullethell.o(i.BossBullet) refers to boss.o(.data) for bossNum
    bullethell.o(i.BossBullet_Init) refers to bullethell.o(.bss) for BossBullets
    bullethell.o(i.PlayerBulletHell) refers to button.o(i.Button_In) for Button_In
    bullethell.o(i.PlayerBulletHell) refers to bullet.o(i.createBullet) for createBullet
    bullethell.o(i.PlayerBulletHell) refers to bullethell.o(i.checkBulletBoss) for checkBulletBoss
    bullethell.o(i.PlayerBulletHell) refers to bullet.o(i.checkBulletEdge) for checkBulletEdge
    bullethell.o(i.PlayerBulletHell) refers to bullet.o(i.moveBullet) for moveBullet
    bullethell.o(i.PlayerBulletHell) refers to bullethell.o(.data) for HellTrigger
    bullethell.o(i.PlayerBulletHell) refers to bullet.o(.data) for Trigger
    bullethell.o(i.PlayerBulletHell) refers to bullet.o(.bss) for PlayerBullets
    bullethell.o(i.checkBulletBoss) refers to bullethell.o(i.BossBoxCheck) for BossBoxCheck
    bullethell.o(i.checkBulletBoss) refers to st7735.o(i.ST7735_FillRect) for ST7735_FillRect
    bullethell.o(i.checkBulletBoss) refers to boss.o(.data) for bossNum
    bullethell.o(i.checkBulletBoss) refers to spaceinvaders.o(.data) for gameProgress
    bullethell.o(i.createBossBullet) refers to st7735.o(i.ST7735_Color565) for ST7735_Color565
    bullethell.o(i.createBossBullet) refers to bullethell.o(.data) for BossBulletCount
    bullethell.o(i.createBossBullet) refers to bullethell.o(.bss) for BossBullets
    bullethell.o(i.createBossBullet) refers to boss.o(.data) for Bosses
    __main.o(!!!main) refers to rtentry.o(.ARM.Collect$$rtentry$$00000000) for __rt_entry
    rtentry.o(.ARM.Collect$$rtentry$$00000000) refers (Special) to rtentry2.o(.ARM.Collect$$rtentry$$0000000A) for __rt_entry_li
    rtentry.o(.ARM.Collect$$rtentry$$00000000) refers (Special) to rtentry2.o(.ARM.Collect$$rtentry$$0000000D) for __rt_entry_main
    rtentry.o(.ARM.Collect$$rtentry$$00000000) refers (Special) to rtentry2.o(.ARM.Collect$$rtentry$$0000000C) for __rt_entry_postli_1
    rtentry.o(.ARM.Collect$$rtentry$$00000000) refers (Special) to rtentry2.o(.ARM.Collect$$rtentry$$00000009) for __rt_entry_postsh_1
    rtentry.o(.ARM.Collect$$rtentry$$00000000) refers (Special) to rtentry2.o(.ARM.Collect$$rtentry$$00000002) for __rt_entry_presh_1
    rtentry.o(.ARM.Collect$$rtentry$$00000000) refers (Special) to rtentry4.o(.ARM.Collect$$rtentry$$00000004) for __rt_entry_sh
    rtentry2.o(.ARM.Collect$$rtentry$$00000008) refers to boardinit2.o(.text) for _platform_post_stackheap_init
    rtentry2.o(.ARM.Collect$$rtentry$$0000000A) refers to libinit.o(.ARM.Collect$$libinit$$00000000) for __rt_lib_init
    rtentry2.o(.ARM.Collect$$rtentry$$0000000B) refers to boardinit3.o(.text) for _platform_post_lib_init
    rtentry2.o(.ARM.Collect$$rtentry$$0000000D) refers to spaceinvaders.o(i.main) for main
    rtentry2.o(.ARM.Collect$$rtentry$$0000000D) refers to exit.o(.text) for exit
    rtentry2.o(.ARM.exidx) refers to rtentry2.o(.ARM.Collect$$rtentry$$00000001) for .ARM.Collect$$rtentry$$00000001
    rtentry2.o(.ARM.exidx) refers to rtentry2.o(.ARM.Collect$$rtentry$$00000008) for .ARM.Collect$$rtentry$$00000008
    rtentry2.o(.ARM.exidx) refers to rtentry2.o(.ARM.Collect$$rtentry$$0000000A) for .ARM.Collect$$rtentry$$0000000A
    rtentry2.o(.ARM.exidx) refers to rtentry2.o(.ARM.Collect$$rtentry$$0000000B) for .ARM.Collect$$rtentry$$0000000B
    rtentry2.o(.ARM.exidx) refers to rtentry2.o(.ARM.Collect$$rtentry$$0000000D) for .ARM.Collect$$rtentry$$0000000D
    rtentry4.o(.ARM.Collect$$rtentry$$00000004) refers to sys_stackheap_outer.o(.text) for __user_setup_stackheap
    rtentry4.o(.ARM.exidx) refers to rtentry4.o(.ARM.Collect$$rtentry$$00000004) for .ARM.Collect$$rtentry$$00000004
    sys_stackheap_outer.o(.text) refers to libspace.o(.text) for __user_perproc_libspace
    sys_stackheap_outer.o(.text) refers to startup.o(.text) for __user_initial_stackheap
    exit.o(.text) refers to rtexit.o(.ARM.Collect$$rtexit$$00000000) for __rt_exit
    libinit.o(.ARM.Collect$$libinit$$00000000) refers (Special) to libinit2.o(.ARM.Collect$$libinit$$0000002C) for __rt_lib_init_alloca_1
    libinit.o(.ARM.Collect$$libinit$$00000000) refers (Special) to libinit2.o(.ARM.Collect$$libinit$$0000002A) for __rt_lib_init_argv_1
    libinit.o(.ARM.Collect$$libinit$$00000000) refers (Special) to libinit2.o(.ARM.Collect$$libinit$$00000019) for __rt_lib_init_atexit_1
    libinit.o(.ARM.Collect$$libinit$$00000000) refers (Special) to libinit2.o(.ARM.Collect$$libinit$$0000001F) for __rt_lib_init_clock_1
    libinit.o(.ARM.Collect$$libinit$$00000000) refers (Special) to libinit2.o(.ARM.Collect$$libinit$$00000030) for __rt_lib_init_cpp_1
    libinit.o(.ARM.Collect$$libinit$$00000000) refers (Special) to libinit2.o(.ARM.Collect$$libinit$$0000002E) for __rt_lib_init_exceptions_1
    libinit.o(.ARM.Collect$$libinit$$00000000) refers (Special) to libinit2.o(.ARM.Collect$$libinit$$00000002) for __rt_lib_init_fp_1
    libinit.o(.ARM.Collect$$libinit$$00000000) refers (Special) to libinit2.o(.ARM.Collect$$libinit$$0000001D) for __rt_lib_init_fp_trap_1
    libinit.o(.ARM.Collect$$libinit$$00000000) refers (Special) to libinit2.o(.ARM.Collect$$libinit$$00000021) for __rt_lib_init_getenv_1
    libinit.o(.ARM.Collect$$libinit$$00000000) refers (Special) to libinit2.o(.ARM.Collect$$libinit$$00000008) for __rt_lib_init_heap_1
    libinit.o(.ARM.Collect$$libinit$$00000000) refers (Special) to libinit2.o(.ARM.Collect$$libinit$$0000000F) for __rt_lib_init_lc_collate_1
    libinit.o(.ARM.Collect$$libinit$$00000000) refers (Special) to libinit2.o(.ARM.Collect$$libinit$$00000011) for __rt_lib_init_lc_ctype_1
    libinit.o(.ARM.Collect$$libinit$$00000000) refers (Special) to libinit2.o(.ARM.Collect$$libinit$$00000013) for __rt_lib_init_lc_monetary_1
    libinit.o(.ARM.Collect$$libinit$$00000000) refers (Special) to libinit2.o(.ARM.Collect$$libinit$$00000015) for __rt_lib_init_lc_numeric_1
    libinit.o(.ARM.Collect$$libinit$$00000000) refers (Special) to libinit2.o(.ARM.Collect$$libinit$$00000017) for __rt_lib_init_lc_time_1
    libinit.o(.ARM.Collect$$libinit$$00000000) refers (Special) to libinit2.o(.ARM.Collect$$libinit$$0000000C) for __rt_lib_init_rand_1
    libinit.o(.ARM.Collect$$libinit$$00000000) refers (Special) to libinit2.o(.ARM.Collect$$libinit$$00000031) for __rt_lib_init_return
    libinit.o(.ARM.Collect$$libinit$$00000000) refers (Special) to libinit2.o(.ARM.Collect$$libinit$$0000001B) for __rt_lib_init_signal_1
    libinit.o(.ARM.Collect$$libinit$$00000000) refers (Special) to libinit2.o(.ARM.Collect$$libinit$$00000023) for __rt_lib_init_stdio_1
    libinit.o(.ARM.Collect$$libinit$$00000000) refers (Special) to libinit2.o(.ARM.Collect$$libinit$$0000000A) for __rt_lib_init_user_alloc_1
    libspace.o(.text) refers to libspace.o(.bss) for __libspace_start
    rtexit.o(.ARM.Collect$$rtexit$$00000000) refers (Special) to rtexit2.o(.ARM.Collect$$rtexit$$00000004) for __rt_exit_exit
    rtexit.o(.ARM.Collect$$rtexit$$00000000) refers (Special) to rtexit2.o(.ARM.Collect$$rtexit$$00000003) for __rt_exit_ls
    rtexit.o(.ARM.Collect$$rtexit$$00000000) refers (Special) to rtexit2.o(.ARM.Collect$$rtexit$$00000002) for __rt_exit_prels_1
    rtexit.o(.ARM.exidx) refers (Special) to rtexit2.o(.ARM.Collect$$rtexit$$00000004) for __rt_exit_exit
    rtexit.o(.ARM.exidx) refers (Special) to rtexit2.o(.ARM.Collect$$rtexit$$00000003) for __rt_exit_ls
    rtexit.o(.ARM.exidx) refers (Special) to rtexit2.o(.ARM.Collect$$rtexit$$00000002) for __rt_exit_prels_1
    rtexit.o(.ARM.exidx) refers to rtexit.o(.ARM.Collect$$rtexit$$00000000) for .ARM.Collect$$rtexit$$00000000
    libinit2.o(.ARM.Collect$$libinit$$0000000E) refers to libinit2.o(.ARM.Collect$$libinit$$0000000D) for .ARM.Collect$$libinit$$0000000D
    libinit2.o(.ARM.Collect$$libinit$$00000010) refers to libinit2.o(.ARM.Collect$$libinit$$0000000D) for .ARM.Collect$$libinit$$0000000D
    libinit2.o(.ARM.Collect$$libinit$$00000012) refers to libinit2.o(.ARM.Collect$$libinit$$0000000D) for .ARM.Collect$$libinit$$0000000D
    libinit2.o(.ARM.Collect$$libinit$$00000014) refers to libinit2.o(.ARM.Collect$$libinit$$0000000D) for .ARM.Collect$$libinit$$0000000D
    libinit2.o(.ARM.Collect$$libinit$$00000016) refers to libinit2.o(.ARM.Collect$$libinit$$0000000D) for .ARM.Collect$$libinit$$0000000D
    libinit2.o(.ARM.Collect$$libinit$$00000024) refers to argv_veneer.o(.emb_text) for __ARM_argv_veneer
    libinit2.o(.ARM.Collect$$libinit$$00000025) refers to argv_veneer.o(.emb_text) for __ARM_argv_veneer
    rtexit2.o(.ARM.Collect$$rtexit$$00000003) refers to libshutdown.o(.ARM.Collect$$libshutdown$$00000000) for __rt_lib_shutdown
    rtexit2.o(.ARM.Collect$$rtexit$$00000004) refers to sys_exit.o(.text) for _sys_exit
    rtexit2.o(.ARM.exidx) refers to rtexit2.o(.ARM.Collect$$rtexit$$00000001) for .ARM.Collect$$rtexit$$00000001
    rtexit2.o(.ARM.exidx) refers to rtexit2.o(.ARM.Collect$$rtexit$$00000003) for .ARM.Collect$$rtexit$$00000003
    rtexit2.o(.ARM.exidx) refers to rtexit2.o(.ARM.Collect$$rtexit$$00000004) for .ARM.Collect$$rtexit$$00000004
    argv_veneer.o(.emb_text) refers to no_argv.o(.text) for __ARM_get_argv
    sys_exit.o(.text) refers (Special) to use_no_semi.o(.text) for __I$use$semihosting
    sys_exit.o(.text) refers (Special) to indicate_semi.o(.text) for __semihosting_library_function
    _get_argv_nomalloc.o(.text) refers (Special) to hrguard.o(.text) for __heap_region$guard
    _get_argv_nomalloc.o(.text) refers to defsig_rtmem_outer.o(.text) for __rt_SIGRTMEM
    _get_argv_nomalloc.o(.text) refers to sys_command.o(.text) for _sys_command_string
    libshutdown.o(.ARM.Collect$$libshutdown$$00000000) refers (Special) to libshutdown2.o(.ARM.Collect$$libshutdown$$00000006) for __rt_lib_shutdown_fp_trap_1
    libshutdown.o(.ARM.Collect$$libshutdown$$00000000) refers (Special) to libshutdown2.o(.ARM.Collect$$libshutdown$$0000000E) for __rt_lib_shutdown_heap_1
    libshutdown.o(.ARM.Collect$$libshutdown$$00000000) refers (Special) to libshutdown2.o(.ARM.Collect$$libshutdown$$0000000F) for __rt_lib_shutdown_return
    libshutdown.o(.ARM.Collect$$libshutdown$$00000000) refers (Special) to libshutdown2.o(.ARM.Collect$$libshutdown$$00000009) for __rt_lib_shutdown_signal_1
    libshutdown.o(.ARM.Collect$$libshutdown$$00000000) refers (Special) to libshutdown2.o(.ARM.Collect$$libshutdown$$00000003) for __rt_lib_shutdown_stdio_1
    libshutdown.o(.ARM.Collect$$libshutdown$$00000000) refers (Special) to libshutdown2.o(.ARM.Collect$$libshutdown$$0000000B) for __rt_lib_shutdown_user_alloc_1
    sys_command.o(.text) refers (Special) to use_no_semi.o(.text) for __I$use$semihosting
    sys_command.o(.text) refers (Special) to indicate_semi.o(.text) for __semihosting_library_function
    defsig_rtmem_outer.o(.text) refers to defsig_rtmem_inner.o(.text) for __rt_SIGRTMEM_inner
    defsig_rtmem_outer.o(.text) refers to defsig_exit.o(.text) for __sig_exit
    defsig_rtmem_formal.o(.text) refers to rt_raise.o(.text) for __rt_raise
    rt_raise.o(.text) refers to __raise.o(.text) for __raise
    rt_raise.o(.text) refers to sys_exit.o(.text) for _sys_exit
    defsig_exit.o(.text) refers to sys_exit.o(.text) for _sys_exit
    defsig_rtmem_inner.o(.text) refers to defsig_general.o(.text) for __default_signal_display
    __raise.o(.text) refers to defsig.o(CL$$defsig) for __default_signal_handler
    defsig_general.o(.text) refers to sys_wrch.o(.text) for _ttywrch
    sys_wrch.o(.text) refers (Special) to use_no_semi.o(.text) for __I$use$semihosting
    sys_wrch.o(.text) refers (Special) to indicate_semi.o(.text) for __semihosting_library_function
    defsig.o(CL$$defsig) refers to defsig_rtmem_inner.o(.text) for __rt_SIGRTMEM_inner
    defsig_abrt_inner.o(.text) refers to defsig_general.o(.text) for __default_signal_display
    defsig_fpe_inner.o(.text) refers to defsig_general.o(.text) for __default_signal_display
    defsig_rtred_inner.o(.text) refers to defsig_general.o(.text) for __default_signal_display
    defsig_stak_inner.o(.text) refers to defsig_general.o(.text) for __default_signal_display
    defsig_pvfn_inner.o(.text) refers to defsig_general.o(.text) for __default_signal_display
    defsig_cppl_inner.o(.text) refers to defsig_general.o(.text) for __default_signal_display
    defsig_segv_inner.o(.text) refers to defsig_general.o(.text) for __default_signal_display
    defsig_other.o(.text) refers to defsig_general.o(.text) for __default_signal_display


==============================================================================

Removing Unused input sections from the image.

    Removing dac.o(i.DACInit), (84 bytes).
    Removing dac.o(i.DACOut), (12 bytes).
    Removing timer1.o(i.Timer1_Init), (96 bytes).
    Removing sound.o(i.Sound_Explosion), (2 bytes).
    Removing sound.o(i.Sound_Fastinvader1), (2 bytes).
    Removing sound.o(i.Sound_Fastinvader2), (2 bytes).
    Removing sound.o(i.Sound_Fastinvader3), (2 bytes).
    Removing sound.o(i.Sound_Fastinvader4), (2 bytes).
    Removing sound.o(i.Sound_Highpitch), (2 bytes).
    Removing sound.o(i.Sound_Init), (2 bytes).
    Removing sound.o(i.Sound_Killed), (2 bytes).
    Removing sound.o(i.Sound_Play), (2 bytes).
    Removing sound.o(i.Sound_Shoot), (2 bytes).
    Removing sound.o(.constdata), (15435 bytes).
    Removing print.o(.text), (216 bytes).
    Removing st7735.o(i.Output_Clear), (10 bytes).
    Removing st7735.o(i.Output_Color), (12 bytes).
    Removing st7735.o(i.Output_Init), (16 bytes).
    Removing st7735.o(i.Output_Off), (8 bytes).
    Removing st7735.o(i.Output_On), (8 bytes).
    Removing st7735.o(i.ST7735_DrawChar), (268 bytes).
    Removing st7735.o(i.ST7735_DrawCharS), (244 bytes).
    Removing st7735.o(i.ST7735_DrawFastHLine), (124 bytes).
    Removing st7735.o(i.ST7735_DrawFastVLine), (124 bytes).
    Removing st7735.o(i.ST7735_DrawPixel), (72 bytes).
    Removing st7735.o(i.ST7735_DrawString), (86 bytes).
    Removing st7735.o(i.ST7735_InitB), (40 bytes).
    Removing st7735.o(i.ST7735_InvertDisplay), (22 bytes).
    Removing st7735.o(i.ST7735_OutChar), (212 bytes).
    Removing st7735.o(i.ST7735_OutString), (24 bytes).
    Removing st7735.o(i.ST7735_OutUDec), (140 bytes).
    Removing st7735.o(i.ST7735_PlotBar), (88 bytes).
    Removing st7735.o(i.ST7735_PlotClear), (92 bytes).
    Removing st7735.o(i.ST7735_PlotLine), (264 bytes).
    Removing st7735.o(i.ST7735_PlotNext), (32 bytes).
    Removing st7735.o(i.ST7735_PlotNextErase), (64 bytes).
    Removing st7735.o(i.ST7735_PlotPoint), (152 bytes).
    Removing st7735.o(i.ST7735_PlotPoints), (172 bytes).
    Removing st7735.o(i.ST7735_PlotdBfs), (60 bytes).
    Removing st7735.o(i.ST7735_SetRotation), (212 bytes).
    Removing st7735.o(i.ST7735_SetTextColor), (12 bytes).
    Removing st7735.o(i.ST7735_SwapColor), (18 bytes).
    Removing st7735.o(i.ferror), (8 bytes).
    Removing st7735.o(i.fgetc), (6 bytes).
    Removing st7735.o(i.fillmessage), (72 bytes).
    Removing st7735.o(i.fputc), (16 bytes).
    Removing st7735.o(i.pushColor), (18 bytes).
    Removing st7735.o(.bss), (12 bytes).
    Removing movement.o(i.MoveY), (78 bytes).
    Removing displaymap.o(i.Timer0_Init), (96 bytes).
    Removing bullet.o(i.EnemyBullet), (168 bytes).
    Removing bullet.o(i.PlayerBullet), (172 bytes).
    Removing bullet.o(i.checkBulletEnemy), (324 bytes).
    Removing bullet.o(i.checkBulletObstacle), (88 bytes).
    Removing bullet.o(i.checkButton), (24 bytes).
    Removing bullet.o(i.createEnemyBullet), (216 bytes).
    Removing bullet.o(i.enemyAttack), (140 bytes).
    Removing mainmenu.o(i.UpdateMenu), (100 bytes).
    Removing enemy.o(i.Bunker_Init), (64 bytes).
    Removing enemy.o(i.Enemy_Dead), (76 bytes).
    Removing enemy.o(i.Enemy_Init), (404 bytes).
    Removing enemy.o(i.Fill_Enemy), (60 bytes).
    Removing enemy.o(i.Move_Enemy), (324 bytes).
    Removing enemy.o(.bss), (100 bytes).
    Removing enemy.o(.data), (48 bytes).
    Removing button.o(i.DisableEdgeInt), (20 bytes).

66 unused section(s) (total 21073 bytes) removed from the image.

==============================================================================

Image Symbol Table

    Local Symbols

    Symbol Name                              Value     Ov Type        Size  Object(Section)

    RESET                                    0x00000000   Section      644  startup.o(RESET)
    ../clib/angel/boardlib.s                 0x00000000   Number         0  boardshut.o ABSOLUTE
    ../clib/angel/boardlib.s                 0x00000000   Number         0  boardinit2.o ABSOLUTE
    ../clib/angel/boardlib.s                 0x00000000   Number         0  boardinit3.o ABSOLUTE
    ../clib/angel/boardlib.s                 0x00000000   Number         0  boardinit1.o ABSOLUTE
    ../clib/angel/dczerorl2.s                0x00000000   Number         0  __dczerorl2.o ABSOLUTE
    ../clib/angel/handlers.s                 0x00000000   Number         0  __scatter_zi.o ABSOLUTE
    ../clib/angel/kernel.s                   0x00000000   Number         0  rtentry.o ABSOLUTE
    ../clib/angel/kernel.s                   0x00000000   Number         0  rtentry2.o ABSOLUTE
    ../clib/angel/kernel.s                   0x00000000   Number         0  rtexit.o ABSOLUTE
    ../clib/angel/kernel.s                   0x00000000   Number         0  rtexit2.o ABSOLUTE
    ../clib/angel/kernel.s                   0x00000000   Number         0  rtentry4.o ABSOLUTE
    ../clib/angel/rt.s                       0x00000000   Number         0  rt_raise.o ABSOLUTE
    ../clib/angel/scatter.s                  0x00000000   Number         0  __scatter.o ABSOLUTE
    ../clib/angel/startup.s                  0x00000000   Number         0  __main.o ABSOLUTE
    ../clib/angel/sys.s                      0x00000000   Number         0  libspace.o ABSOLUTE
    ../clib/angel/sys.s                      0x00000000   Number         0  sys_stackheap_outer.o ABSOLUTE
    ../clib/angel/sys.s                      0x00000000   Number         0  indicate_semi.o ABSOLUTE
    ../clib/angel/sys.s                      0x00000000   Number         0  use_no_semi.o ABSOLUTE
    ../clib/angel/sysapp.c                   0x00000000   Number         0  sys_exit.o ABSOLUTE
    ../clib/angel/sysapp.c                   0x00000000   Number         0  sys_wrch.o ABSOLUTE
    ../clib/angel/sysapp.c                   0x00000000   Number         0  sys_command.o ABSOLUTE
    ../clib/armsys.c                         0x00000000   Number         0  no_argv.o ABSOLUTE
    ../clib/armsys.c                         0x00000000   Number         0  _get_argv_nomalloc.o ABSOLUTE
    ../clib/armsys.c                         0x00000000   Number         0  argv_veneer.o ABSOLUTE
    ../clib/armsys.c                         0x00000000   Number         0  argv_veneer.o ABSOLUTE
    ../clib/heapalloc.c                      0x00000000   Number         0  hrguard.o ABSOLUTE
    ../clib/heapaux.c                        0x00000000   Number         0  heapauxi.o ABSOLUTE
    ../clib/libinit.s                        0x00000000   Number         0  libinit2.o ABSOLUTE
    ../clib/libinit.s                        0x00000000   Number         0  libinit.o ABSOLUTE
    ../clib/libinit.s                        0x00000000   Number         0  libshutdown.o ABSOLUTE
    ../clib/libinit.s                        0x00000000   Number         0  libshutdown2.o ABSOLUTE
    ../clib/memcpset.s                       0x00000000   Number         0  rt_memcpy_w.o ABSOLUTE
    ../clib/signal.c                         0x00000000   Number         0  defsig_rtred_inner.o ABSOLUTE
    ../clib/signal.c                         0x00000000   Number         0  defsig_fpe_inner.o ABSOLUTE
    ../clib/signal.c                         0x00000000   Number         0  defsig_abrt_inner.o ABSOLUTE
    ../clib/signal.c                         0x00000000   Number         0  defsig_rtmem_inner.o ABSOLUTE
    ../clib/signal.c                         0x00000000   Number         0  defsig_exit.o ABSOLUTE
    ../clib/signal.c                         0x00000000   Number         0  __raise.o ABSOLUTE
    ../clib/signal.c                         0x00000000   Number         0  defsig_general.o ABSOLUTE
    ../clib/signal.c                         0x00000000   Number         0  defsig_rtmem_formal.o ABSOLUTE
    ../clib/signal.c                         0x00000000   Number         0  defsig_other.o ABSOLUTE
    ../clib/signal.c                         0x00000000   Number         0  defsig_segv_inner.o ABSOLUTE
    ../clib/signal.c                         0x00000000   Number         0  defsig_cppl_inner.o ABSOLUTE
    ../clib/signal.c                         0x00000000   Number         0  defsig_pvfn_inner.o ABSOLUTE
    ../clib/signal.c                         0x00000000   Number         0  defsig_stak_inner.o ABSOLUTE
    ../clib/signal.c                         0x00000000   Number         0  defsig_rtmem_outer.o ABSOLUTE
    ../clib/signal.s                         0x00000000   Number         0  defsig.o ABSOLUTE
    ../clib/stdlib.c                         0x00000000   Number         0  exit.o ABSOLUTE
    ../fplib/fpinit.s                        0x00000000   Number         0  fpinit.o ABSOLUTE
    ADC.c                                    0x00000000   Number         0  adc.o ABSOLUTE
    Boss.c                                   0x00000000   Number         0  boss.o ABSOLUTE
    Bullet.c                                 0x00000000   Number         0  bullet.o ABSOLUTE
    BulletHell.c                             0x00000000   Number         0  bullethell.o ABSOLUTE
    Button.c                                 0x00000000   Number         0  button.o ABSOLUTE
    DAC.c                                    0x00000000   Number         0  dac.o ABSOLUTE
    DisplayMap.c                             0x00000000   Number         0  displaymap.o ABSOLUTE
    Enemy.c                                  0x00000000   Number         0  enemy.o ABSOLUTE
    LCD.s                                    0x00000000   Number         0  lcd.o ABSOLUTE
    MainMenu.c                               0x00000000   Number         0  mainmenu.o ABSOLUTE
    Movement.c                               0x00000000   Number         0  movement.o ABSOLUTE
    PLL.c                                    0x00000000   Number         0  pll.o ABSOLUTE
    Player.c                                 0x00000000   Number         0  player.o ABSOLUTE
    Print.s                                  0x00000000   Number         0  print.o ABSOLUTE
    ST7735.c                                 0x00000000   Number         0  st7735.o ABSOLUTE
    Sound.c                                  0x00000000   Number         0  sound.o ABSOLUTE
    SpaceInvaders.c                          0x00000000   Number         0  spaceinvaders.o ABSOLUTE
    Systick.c                                0x00000000   Number         0  systick.o ABSOLUTE
    Timer1.c                                 0x00000000   Number         0  timer1.o ABSOLUTE
    dc.s                                     0x00000000   Number         0  dc.o ABSOLUTE
    random.s                                 0x00000000   Number         0  random.o ABSOLUTE
    startup.s                                0x00000000   Number         0  startup.o ABSOLUTE
    !!!main                                  0x00000284   Section        8  __main.o(!!!main)
    !!!scatter                               0x0000028c   Section       52  __scatter.o(!!!scatter)
    !!dczerorl2                              0x000002c0   Section       90  __dczerorl2.o(!!dczerorl2)
    !!handler_zi                             0x0000031c   Section       28  __scatter_zi.o(!!handler_zi)
    .ARM.Collect$$libinit$$00000000          0x00000338   Section        2  libinit.o(.ARM.Collect$$libinit$$00000000)
    .ARM.Collect$$libinit$$00000002          0x0000033a   Section        0  libinit2.o(.ARM.Collect$$libinit$$00000002)
    .ARM.Collect$$libinit$$00000008          0x0000033a   Section        0  libinit2.o(.ARM.Collect$$libinit$$00000008)
    .ARM.Collect$$libinit$$0000000A          0x0000033a   Section        0  libinit2.o(.ARM.Collect$$libinit$$0000000A)
    .ARM.Collect$$libinit$$0000000C          0x0000033a   Section        0  libinit2.o(.ARM.Collect$$libinit$$0000000C)
    .ARM.Collect$$libinit$$0000000F          0x0000033a   Section        0  libinit2.o(.ARM.Collect$$libinit$$0000000F)
    .ARM.Collect$$libinit$$00000011          0x0000033a   Section        0  libinit2.o(.ARM.Collect$$libinit$$00000011)
    .ARM.Collect$$libinit$$00000013          0x0000033a   Section        0  libinit2.o(.ARM.Collect$$libinit$$00000013)
    .ARM.Collect$$libinit$$00000015          0x0000033a   Section        0  libinit2.o(.ARM.Collect$$libinit$$00000015)
    .ARM.Collect$$libinit$$00000017          0x0000033a   Section        0  libinit2.o(.ARM.Collect$$libinit$$00000017)
    .ARM.Collect$$libinit$$00000019          0x0000033a   Section        0  libinit2.o(.ARM.Collect$$libinit$$00000019)
    .ARM.Collect$$libinit$$0000001B          0x0000033a   Section        0  libinit2.o(.ARM.Collect$$libinit$$0000001B)
    .ARM.Collect$$libinit$$0000001D          0x0000033a   Section        0  libinit2.o(.ARM.Collect$$libinit$$0000001D)
    .ARM.Collect$$libinit$$0000001F          0x0000033a   Section        0  libinit2.o(.ARM.Collect$$libinit$$0000001F)
    .ARM.Collect$$libinit$$00000021          0x0000033a   Section        0  libinit2.o(.ARM.Collect$$libinit$$00000021)
    .ARM.Collect$$libinit$$00000023          0x0000033a   Section        0  libinit2.o(.ARM.Collect$$libinit$$00000023)
    .ARM.Collect$$libinit$$0000002A          0x0000033a   Section        0  libinit2.o(.ARM.Collect$$libinit$$0000002A)
    .ARM.Collect$$libinit$$0000002C          0x0000033a   Section        0  libinit2.o(.ARM.Collect$$libinit$$0000002C)
    .ARM.Collect$$libinit$$0000002E          0x0000033a   Section        0  libinit2.o(.ARM.Collect$$libinit$$0000002E)
    .ARM.Collect$$libinit$$00000030          0x0000033a   Section        0  libinit2.o(.ARM.Collect$$libinit$$00000030)
    .ARM.Collect$$libinit$$00000031          0x0000033a   Section        2  libinit2.o(.ARM.Collect$$libinit$$00000031)
    .ARM.Collect$$libshutdown$$00000000      0x0000033c   Section        2  libshutdown.o(.ARM.Collect$$libshutdown$$00000000)
    .ARM.Collect$$libshutdown$$00000003      0x0000033e   Section        0  libshutdown2.o(.ARM.Collect$$libshutdown$$00000003)
    .ARM.Collect$$libshutdown$$00000006      0x0000033e   Section        0  libshutdown2.o(.ARM.Collect$$libshutdown$$00000006)
    .ARM.Collect$$libshutdown$$00000009      0x0000033e   Section        0  libshutdown2.o(.ARM.Collect$$libshutdown$$00000009)
    .ARM.Collect$$libshutdown$$0000000B      0x0000033e   Section        0  libshutdown2.o(.ARM.Collect$$libshutdown$$0000000B)
    .ARM.Collect$$libshutdown$$0000000E      0x0000033e   Section        0  libshutdown2.o(.ARM.Collect$$libshutdown$$0000000E)
    .ARM.Collect$$libshutdown$$0000000F      0x0000033e   Section        2  libshutdown2.o(.ARM.Collect$$libshutdown$$0000000F)
    .ARM.Collect$$rtentry$$00000000          0x00000340   Section        0  rtentry.o(.ARM.Collect$$rtentry$$00000000)
    .ARM.Collect$$rtentry$$00000002          0x00000340   Section        0  rtentry2.o(.ARM.Collect$$rtentry$$00000002)
    .ARM.Collect$$rtentry$$00000004          0x00000340   Section        6  rtentry4.o(.ARM.Collect$$rtentry$$00000004)
    .ARM.Collect$$rtentry$$00000009          0x00000346   Section        0  rtentry2.o(.ARM.Collect$$rtentry$$00000009)
    .ARM.Collect$$rtentry$$0000000A          0x00000346   Section        4  rtentry2.o(.ARM.Collect$$rtentry$$0000000A)
    .ARM.Collect$$rtentry$$0000000C          0x0000034a   Section        0  rtentry2.o(.ARM.Collect$$rtentry$$0000000C)
    .ARM.Collect$$rtentry$$0000000D          0x0000034a   Section        8  rtentry2.o(.ARM.Collect$$rtentry$$0000000D)
    .ARM.Collect$$rtexit$$00000000           0x00000352   Section        2  rtexit.o(.ARM.Collect$$rtexit$$00000000)
    .ARM.Collect$$rtexit$$00000002           0x00000354   Section        0  rtexit2.o(.ARM.Collect$$rtexit$$00000002)
    .ARM.Collect$$rtexit$$00000003           0x00000354   Section        4  rtexit2.o(.ARM.Collect$$rtexit$$00000003)
    .ARM.Collect$$rtexit$$00000004           0x00000358   Section        6  rtexit2.o(.ARM.Collect$$rtexit$$00000004)
    .text                                    0x00000360   Section       48  startup.o(.text)
    .text                                    0x00000390   Section       64  random.o(.text)
    .text                                    0x000003d0   Section       84  lcd.o(.text)
    .text                                    0x00000424   Section      100  rt_memcpy_w.o(.text)
    .text                                    0x00000488   Section        0  heapauxi.o(.text)
    .text                                    0x0000048e   Section       74  sys_stackheap_outer.o(.text)
    .text                                    0x000004d8   Section        0  exit.o(.text)
    .text                                    0x000004e4   Section        8  libspace.o(.text)
    .text                                    0x000004ec   Section        0  sys_exit.o(.text)
    .text                                    0x000004f8   Section        2  use_no_semi.o(.text)
    .text                                    0x000004fa   Section        0  indicate_semi.o(.text)
    i.ADC_Convert                            0x000004fa   Section        0  adc.o(i.ADC_Convert)
    i.ADC_In                                 0x00000520   Section        0  adc.o(i.ADC_In)
    i.ADC_Init                               0x0000054c   Section        0  adc.o(i.ADC_Init)
    i.BossBoxCheck                           0x00000624   Section        0  bullethell.o(i.BossBoxCheck)
    i.BossBullet                             0x00000670   Section        0  bullethell.o(i.BossBullet)
    i.BossBullet_Init                        0x00000744   Section        0  bullethell.o(i.BossBullet_Init)
    i.Boss_Init                              0x00000764   Section        0  boss.o(i.Boss_Init)
    i.Bullet_Init                            0x000007b0   Section        0  bullet.o(i.Bullet_Init)
    i.Button_In                              0x000007e0   Section        0  button.o(i.Button_In)
    i.Button_Init                            0x000007f0   Section        0  button.o(i.Button_Init)
    i.ChooseRandAttack                       0x000008a4   Section        0  boss.o(i.ChooseRandAttack)
    i.Color_Init                             0x000008d0   Section        0  boss.o(i.Color_Init)
    i.Delay100ms                             0x00000954   Section        0  spaceinvaders.o(i.Delay100ms)
    i.Delay1ms                               0x00000978   Section        0  st7735.o(i.Delay1ms)
    i.GPIOPortE_Handler                      0x00000998   Section        0  button.o(i.GPIOPortE_Handler)
    i.Menu                                   0x000009b0   Section        0  mainmenu.o(i.Menu)
    i.MoveX                                  0x000009e8   Section        0  movement.o(i.MoveX)
    i.Move_Player                            0x00000a38   Section        0  player.o(i.Move_Player)
    i.PLL_Init                               0x00000a58   Section        0  pll.o(i.PLL_Init)
    i.PlayerBulletHell                       0x00000ad4   Section        0  bullethell.o(i.PlayerBulletHell)
    i.Player_Init                            0x00000b78   Section        0  player.o(i.Player_Init)
    i.Process_Move                           0x00000b9c   Section        0  movement.o(i.Process_Move)
    i.ST7735_Color565                        0x00000bc2   Section        0  st7735.o(i.ST7735_Color565)
    i.ST7735_DrawBitmap                      0x00000bdc   Section        0  st7735.o(i.ST7735_DrawBitmap)
    i.ST7735_FillRect                        0x00000cfc   Section        0  st7735.o(i.ST7735_FillRect)
    i.ST7735_FillScreen                      0x00000da8   Section        0  st7735.o(i.ST7735_FillScreen)
    i.ST7735_InitR                           0x00000dcc   Section        0  st7735.o(i.ST7735_InitR)
    i.ST7735_SetCursor                       0x00000e48   Section        0  st7735.o(i.ST7735_SetCursor)
    i.SysTick_Handler                        0x00000e68   Section        0  systick.o(i.SysTick_Handler)
    i.SysTick_Init                           0x00000e90   Section        0  systick.o(i.SysTick_Init)
    i.Timer0A_Handler                        0x00000ec4   Section        0  displaymap.o(i.Timer0A_Handler)
    i.Timer1A_Handler                        0x00000ed0   Section        0  timer1.o(i.Timer1A_Handler)
    i.checkBulletBoss                        0x00000ee8   Section        0  bullethell.o(i.checkBulletBoss)
    i.checkBulletEdge                        0x00000f94   Section        0  bullet.o(i.checkBulletEdge)
    i.checkBulletPlayer                      0x00000fc4   Section        0  bullet.o(i.checkBulletPlayer)
    i.commandList                            0x00001014   Section        0  st7735.o(i.commandList)
    commandList                              0x00001015   Thumb Code    86  st7735.o(i.commandList)
    i.commonInit                             0x0000106c   Section        0  st7735.o(i.commonInit)
    commonInit                               0x0000106d   Thumb Code   340  st7735.o(i.commonInit)
    i.createBossBullet                       0x000011f0   Section        0  bullethell.o(i.createBossBullet)
    i.createBullet                           0x00001354   Section        0  bullet.o(i.createBullet)
    i.edgeCheck                              0x00001440   Section        0  bullet.o(i.edgeCheck)
    i.hitBoxCheck                            0x0000146a   Section        0  bullet.o(i.hitBoxCheck)
    i.main                                   0x000014b4   Section        0  spaceinvaders.o(i.main)
    i.moveBullet                             0x00001558   Section        0  bullet.o(i.moveBullet)
    i.setAddrWindow                          0x000015ac   Section        0  st7735.o(i.setAddrWindow)
    setAddrWindow                            0x000015ad   Thumb Code   106  st7735.o(i.setAddrWindow)
    .constdata                               0x00001620   Section     2018  st7735.o(.constdata)
    Font                                     0x00001620   Data        1275  st7735.o(.constdata)
    Bcmd                                     0x00001b1b   Data         103  st7735.o(.constdata)
    Rcmd1                                    0x00001b82   Data          59  st7735.o(.constdata)
    Rcmd2green                               0x00001bbd   Data          13  st7735.o(.constdata)
    Rcmd2red                                 0x00001bca   Data          13  st7735.o(.constdata)
    Rcmd3                                    0x00001bd7   Data          43  st7735.o(.constdata)
    .constdata                               0x00001e02   Section    42184  player.o(.constdata)
    .data                                    0x20000000   Section        4  timer1.o(.data)
    .data                                    0x20000004   Section        8  spaceinvaders.o(.data)
    .data                                    0x2000000c   Section       44  st7735.o(.data)
    _width                                   0x20000016   Data           2  st7735.o(.data)
    _height                                  0x20000018   Data           2  st7735.o(.data)
    ColStart                                 0x20000020   Data           1  st7735.o(.data)
    RowStart                                 0x20000021   Data           1  st7735.o(.data)
    Rotation                                 0x20000022   Data           1  st7735.o(.data)
    TabColor                                 0x20000023   Data           1  st7735.o(.data)
    .data                                    0x20000038   Section        2  systick.o(.data)
    .data                                    0x2000003c   Section       26  bullet.o(.data)
    bulletSpeed                              0x2000004c   Data           4  bullet.o(.data)
    bulletSpeed                              0x20000050   Data           4  bullet.o(.data)
    .data                                    0x20000058   Section       13  mainmenu.o(.data)
    .data                                    0x20000068   Section       20  player.o(.data)
    .data                                    0x2000007c   Section        1  button.o(.data)
    .data                                    0x20000080   Section      202  boss.o(.data)
    .data                                    0x2000014c   Section       25  bullethell.o(.data)
    bulletSpeed                              0x2000015c   Data           4  bullethell.o(.data)
    BossBulletSpeed                          0x20000160   Data           4  bullethell.o(.data)
    DATA                                     0x20000168   Section        4  random.o(DATA)
    M                                        0x20000168   Data           4  random.o(DATA)
    .bss                                     0x2000016c   Section     2000  bullet.o(.bss)
    .bss                                     0x2000093c   Section     1020  bullethell.o(.bss)
    .bss                                     0x20000d38   Section       96  libspace.o(.bss)
    HEAP                                     0x20000d98   Section        0  startup.o(HEAP)
    STACK                                    0x20000d98   Section     1024  startup.o(STACK)
    HeapMem                                  0x20000d98   Data           0  startup.o(HEAP)
    StackMem                                 0x20000d98   Data           0  startup.o(STACK)

    Global Symbols

    Symbol Name                              Value     Ov Type        Size  Object(Section)

    BuildAttributes$$THM_ISAv4$E$P$D$K$B$S$7EM$PE$A:L22UL41UL21$X:L11$S22US41US21$IEEE1$IW$USESV6$~STKCKD$USESV7$~SHL$OSPACE$ROPI$EBA8$UX$STANDARDLIB$REQ8$PRES8$EABIv2 0x00000000   Number         0  anon$$obj.o ABSOLUTE
    __ARM_use_no_argv                        0x00000000   Number         0  spaceinvaders.o ABSOLUTE
    __Vectors                                0x00000000   Data           0  startup.o(RESET)
    __ARM_exceptions_init                     - Undefined Weak Reference
    __alloca_initialize                       - Undefined Weak Reference
    __cpp_initialize__aeabi_                  - Undefined Weak Reference
    __cxa_finalize                            - Undefined Weak Reference
    __rt_locale                               - Undefined Weak Reference
    __sigvec_lookup                           - Undefined Weak Reference
    _atexit_init                              - Undefined Weak Reference
    _call_atexit_fns                          - Undefined Weak Reference
    _clock_init                               - Undefined Weak Reference
    _fp_trap_init                             - Undefined Weak Reference
    _fp_trap_shutdown                         - Undefined Weak Reference
    _get_lc_collate                           - Undefined Weak Reference
    _get_lc_ctype                             - Undefined Weak Reference
    _get_lc_monetary                          - Undefined Weak Reference
    _get_lc_numeric                           - Undefined Weak Reference
    _get_lc_time                              - Undefined Weak Reference
    _getenv_init                              - Undefined Weak Reference
    _handle_redirection                       - Undefined Weak Reference
    _init_alloc                               - Undefined Weak Reference
    _init_user_alloc                          - Undefined Weak Reference
    _initio                                   - Undefined Weak Reference
    _rand_init                                - Undefined Weak Reference
    _signal_finish                            - Undefined Weak Reference
    _signal_init                              - Undefined Weak Reference
    _terminate_alloc                          - Undefined Weak Reference
    _terminate_user_alloc                     - Undefined Weak Reference
    _terminateio                              - Undefined Weak Reference
    Reset_Handler                            0x0000026d   Thumb Code     0  startup.o(RESET)
    NMI_Handler                              0x00000271   Thumb Code     2  startup.o(RESET)
    HardFault_Handler                        0x00000273   Thumb Code     2  startup.o(RESET)
    MemManage_Handler                        0x00000275   Thumb Code     2  startup.o(RESET)
    BusFault_Handler                         0x00000277   Thumb Code     2  startup.o(RESET)
    UsageFault_Handler                       0x00000279   Thumb Code     2  startup.o(RESET)
    SVC_Handler                              0x0000027b   Thumb Code     2  startup.o(RESET)
    DebugMon_Handler                         0x0000027d   Thumb Code     2  startup.o(RESET)
    PendSV_Handler                           0x0000027f   Thumb Code     2  startup.o(RESET)
    ADC0Seq0_Handler                         0x00000283   Thumb Code     0  startup.o(RESET)
    ADC0Seq1_Handler                         0x00000283   Thumb Code     0  startup.o(RESET)
    ADC0Seq2_Handler                         0x00000283   Thumb Code     0  startup.o(RESET)
    ADC0Seq3_Handler                         0x00000283   Thumb Code     0  startup.o(RESET)
    ADC1Seq0_Handler                         0x00000283   Thumb Code     0  startup.o(RESET)
    ADC1Seq1_Handler                         0x00000283   Thumb Code     0  startup.o(RESET)
    ADC1Seq2_Handler                         0x00000283   Thumb Code     0  startup.o(RESET)
    ADC1Seq3_Handler                         0x00000283   Thumb Code     0  startup.o(RESET)
    CAN0_Handler                             0x00000283   Thumb Code     0  startup.o(RESET)
    CAN1_Handler                             0x00000283   Thumb Code     0  startup.o(RESET)
    CAN2_Handler                             0x00000283   Thumb Code     0  startup.o(RESET)
    Comp0_Handler                            0x00000283   Thumb Code     0  startup.o(RESET)
    Comp1_Handler                            0x00000283   Thumb Code     0  startup.o(RESET)
    Comp2_Handler                            0x00000283   Thumb Code     0  startup.o(RESET)
    Ethernet_Handler                         0x00000283   Thumb Code     0  startup.o(RESET)
    ExtBus_Handler                           0x00000283   Thumb Code     0  startup.o(RESET)
    FPU_Handler                              0x00000283   Thumb Code     0  startup.o(RESET)
    Fan0_Handler                             0x00000283   Thumb Code     0  startup.o(RESET)
    FlashCtl_Handler                         0x00000283   Thumb Code     0  startup.o(RESET)
    GPIOPortA_Handler                        0x00000283   Thumb Code     0  startup.o(RESET)
    GPIOPortB_Handler                        0x00000283   Thumb Code     0  startup.o(RESET)
    GPIOPortC_Handler                        0x00000283   Thumb Code     0  startup.o(RESET)
    GPIOPortD_Handler                        0x00000283   Thumb Code     0  startup.o(RESET)
    GPIOPortF_Handler                        0x00000283   Thumb Code     0  startup.o(RESET)
    GPIOPortG_Handler                        0x00000283   Thumb Code     0  startup.o(RESET)
    GPIOPortH_Handler                        0x00000283   Thumb Code     0  startup.o(RESET)
    GPIOPortJ_Handler                        0x00000283   Thumb Code     0  startup.o(RESET)
    GPIOPortK_Handler                        0x00000283   Thumb Code     0  startup.o(RESET)
    GPIOPortL_Handler                        0x00000283   Thumb Code     0  startup.o(RESET)
    GPIOPortM_Handler                        0x00000283   Thumb Code     0  startup.o(RESET)
    GPIOPortN_Handler                        0x00000283   Thumb Code     0  startup.o(RESET)
    GPIOPortP1_Handler                       0x00000283   Thumb Code     0  startup.o(RESET)
    GPIOPortP2_Handler                       0x00000283   Thumb Code     0  startup.o(RESET)
    GPIOPortP3_Handler                       0x00000283   Thumb Code     0  startup.o(RESET)
    GPIOPortP4_Handler                       0x00000283   Thumb Code     0  startup.o(RESET)
    GPIOPortP5_Handler                       0x00000283   Thumb Code     0  startup.o(RESET)
    GPIOPortP6_Handler                       0x00000283   Thumb Code     0  startup.o(RESET)
    GPIOPortP7_Handler                       0x00000283   Thumb Code     0  startup.o(RESET)
    GPIOPortP_Handler                        0x00000283   Thumb Code     0  startup.o(RESET)
    GPIOPortQ1_Handler                       0x00000283   Thumb Code     0  startup.o(RESET)
    GPIOPortQ2_Handler                       0x00000283   Thumb Code     0  startup.o(RESET)
    GPIOPortQ3_Handler                       0x00000283   Thumb Code     0  startup.o(RESET)
    GPIOPortQ4_Handler                       0x00000283   Thumb Code     0  startup.o(RESET)
    GPIOPortQ5_Handler                       0x00000283   Thumb Code     0  startup.o(RESET)
    GPIOPortQ6_Handler                       0x00000283   Thumb Code     0  startup.o(RESET)
    GPIOPortQ7_Handler                       0x00000283   Thumb Code     0  startup.o(RESET)
    GPIOPortQ_Handler                        0x00000283   Thumb Code     0  startup.o(RESET)
    GPIOPortR_Handler                        0x00000283   Thumb Code     0  startup.o(RESET)
    GPIOPortS_Handler                        0x00000283   Thumb Code     0  startup.o(RESET)
    Hibernate_Handler                        0x00000283   Thumb Code     0  startup.o(RESET)
    I2C0_Handler                             0x00000283   Thumb Code     0  startup.o(RESET)
    I2C1_Handler                             0x00000283   Thumb Code     0  startup.o(RESET)
    I2C2_Handler                             0x00000283   Thumb Code     0  startup.o(RESET)
    I2C3_Handler                             0x00000283   Thumb Code     0  startup.o(RESET)
    I2C4_Handler                             0x00000283   Thumb Code     0  startup.o(RESET)
    I2C5_Handler                             0x00000283   Thumb Code     0  startup.o(RESET)
    I2S0_Handler                             0x00000283   Thumb Code     0  startup.o(RESET)
    LPC0_Handler                             0x00000283   Thumb Code     0  startup.o(RESET)
    PECI0_Handler                            0x00000283   Thumb Code     0  startup.o(RESET)
    PWM0Fault_Handler                        0x00000283   Thumb Code     0  startup.o(RESET)
    PWM0Generator0_Handler                   0x00000283   Thumb Code     0  startup.o(RESET)
    PWM0Generator1_Handler                   0x00000283   Thumb Code     0  startup.o(RESET)
    PWM0Generator2_Handler                   0x00000283   Thumb Code     0  startup.o(RESET)
    PWM0Generator3_Handler                   0x00000283   Thumb Code     0  startup.o(RESET)
    PWM1Fault_Handler                        0x00000283   Thumb Code     0  startup.o(RESET)
    PWM1Generator0_Handler                   0x00000283   Thumb Code     0  startup.o(RESET)
    PWM1Generator1_Handler                   0x00000283   Thumb Code     0  startup.o(RESET)
    PWM1Generator2_Handler                   0x00000283   Thumb Code     0  startup.o(RESET)
    PWM1Generator3_Handler                   0x00000283   Thumb Code     0  startup.o(RESET)
    Quadrature0_Handler                      0x00000283   Thumb Code     0  startup.o(RESET)
    Quadrature1_Handler                      0x00000283   Thumb Code     0  startup.o(RESET)
    Quadrature2_Handler                      0x00000283   Thumb Code     0  startup.o(RESET)
    SSI0_Handler                             0x00000283   Thumb Code     0  startup.o(RESET)
    SSI1_Handler                             0x00000283   Thumb Code     0  startup.o(RESET)
    SSI2_Handler                             0x00000283   Thumb Code     0  startup.o(RESET)
    SSI3_Handler                             0x00000283   Thumb Code     0  startup.o(RESET)
    SysCtl_Handler                           0x00000283   Thumb Code     0  startup.o(RESET)
    Timer0B_Handler                          0x00000283   Thumb Code     0  startup.o(RESET)
    Timer1B_Handler                          0x00000283   Thumb Code     0  startup.o(RESET)
    Timer2A_Handler                          0x00000283   Thumb Code     0  startup.o(RESET)
    Timer2B_Handler                          0x00000283   Thumb Code     0  startup.o(RESET)
    Timer3A_Handler                          0x00000283   Thumb Code     0  startup.o(RESET)
    Timer3B_Handler                          0x00000283   Thumb Code     0  startup.o(RESET)
    Timer4A_Handler                          0x00000283   Thumb Code     0  startup.o(RESET)
    Timer4B_Handler                          0x00000283   Thumb Code     0  startup.o(RESET)
    Timer5A_Handler                          0x00000283   Thumb Code     0  startup.o(RESET)
    Timer5B_Handler                          0x00000283   Thumb Code     0  startup.o(RESET)
    UART0_Handler                            0x00000283   Thumb Code     0  startup.o(RESET)
    UART1_Handler                            0x00000283   Thumb Code     0  startup.o(RESET)
    UART2_Handler                            0x00000283   Thumb Code     0  startup.o(RESET)
    UART3_Handler                            0x00000283   Thumb Code     0  startup.o(RESET)
    UART4_Handler                            0x00000283   Thumb Code     0  startup.o(RESET)
    UART5_Handler                            0x00000283   Thumb Code     0  startup.o(RESET)
    UART6_Handler                            0x00000283   Thumb Code     0  startup.o(RESET)
    UART7_Handler                            0x00000283   Thumb Code     0  startup.o(RESET)
    USB0_Handler                             0x00000283   Thumb Code     0  startup.o(RESET)
    WDT_Handler                              0x00000283   Thumb Code     0  startup.o(RESET)
    WideTimer0A_Handler                      0x00000283   Thumb Code     0  startup.o(RESET)
    WideTimer0B_Handler                      0x00000283   Thumb Code     0  startup.o(RESET)
    WideTimer1A_Handler                      0x00000283   Thumb Code     0  startup.o(RESET)
    WideTimer1B_Handler                      0x00000283   Thumb Code     0  startup.o(RESET)
    WideTimer2A_Handler                      0x00000283   Thumb Code     0  startup.o(RESET)
    WideTimer2B_Handler                      0x00000283   Thumb Code     0  startup.o(RESET)
    WideTimer3A_Handler                      0x00000283   Thumb Code     0  startup.o(RESET)
    WideTimer3B_Handler                      0x00000283   Thumb Code     0  startup.o(RESET)
    WideTimer4A_Handler                      0x00000283   Thumb Code     0  startup.o(RESET)
    WideTimer4B_Handler                      0x00000283   Thumb Code     0  startup.o(RESET)
    WideTimer5A_Handler                      0x00000283   Thumb Code     0  startup.o(RESET)
    WideTimer5B_Handler                      0x00000283   Thumb Code     0  startup.o(RESET)
    uDMA_Error                               0x00000283   Thumb Code     0  startup.o(RESET)
    uDMA_Handler                             0x00000283   Thumb Code     0  startup.o(RESET)
    __main                                   0x00000285   Thumb Code     8  __main.o(!!!main)
    __scatterload                            0x0000028d   Thumb Code     0  __scatter.o(!!!scatter)
    __scatterload_rt2                        0x0000028d   Thumb Code    44  __scatter.o(!!!scatter)
    __scatterload_rt2_thumb_only             0x0000028d   Thumb Code     0  __scatter.o(!!!scatter)
    __scatterload_null                       0x0000029b   Thumb Code     0  __scatter.o(!!!scatter)
    __decompress                             0x000002c1   Thumb Code    90  __dczerorl2.o(!!dczerorl2)
    __decompress1                            0x000002c1   Thumb Code     0  __dczerorl2.o(!!dczerorl2)
    __scatterload_zeroinit                   0x0000031d   Thumb Code    28  __scatter_zi.o(!!handler_zi)
    __rt_lib_init                            0x00000339   Thumb Code     0  libinit.o(.ARM.Collect$$libinit$$00000000)
    __rt_lib_init_alloca_1                   0x0000033b   Thumb Code     0  libinit2.o(.ARM.Collect$$libinit$$0000002C)
    __rt_lib_init_argv_1                     0x0000033b   Thumb Code     0  libinit2.o(.ARM.Collect$$libinit$$0000002A)
    __rt_lib_init_atexit_1                   0x0000033b   Thumb Code     0  libinit2.o(.ARM.Collect$$libinit$$00000019)
    __rt_lib_init_clock_1                    0x0000033b   Thumb Code     0  libinit2.o(.ARM.Collect$$libinit$$0000001F)
    __rt_lib_init_cpp_1                      0x0000033b   Thumb Code     0  libinit2.o(.ARM.Collect$$libinit$$00000030)
    __rt_lib_init_exceptions_1               0x0000033b   Thumb Code     0  libinit2.o(.ARM.Collect$$libinit$$0000002E)
    __rt_lib_init_fp_1                       0x0000033b   Thumb Code     0  libinit2.o(.ARM.Collect$$libinit$$00000002)
    __rt_lib_init_fp_trap_1                  0x0000033b   Thumb Code     0  libinit2.o(.ARM.Collect$$libinit$$0000001D)
    __rt_lib_init_getenv_1                   0x0000033b   Thumb Code     0  libinit2.o(.ARM.Collect$$libinit$$00000021)
    __rt_lib_init_heap_1                     0x0000033b   Thumb Code     0  libinit2.o(.ARM.Collect$$libinit$$00000008)
    __rt_lib_init_lc_collate_1               0x0000033b   Thumb Code     0  libinit2.o(.ARM.Collect$$libinit$$0000000F)
    __rt_lib_init_lc_ctype_1                 0x0000033b   Thumb Code     0  libinit2.o(.ARM.Collect$$libinit$$00000011)
    __rt_lib_init_lc_monetary_1              0x0000033b   Thumb Code     0  libinit2.o(.ARM.Collect$$libinit$$00000013)
    __rt_lib_init_lc_numeric_1               0x0000033b   Thumb Code     0  libinit2.o(.ARM.Collect$$libinit$$00000015)
    __rt_lib_init_lc_time_1                  0x0000033b   Thumb Code     0  libinit2.o(.ARM.Collect$$libinit$$00000017)
    __rt_lib_init_rand_1                     0x0000033b   Thumb Code     0  libinit2.o(.ARM.Collect$$libinit$$0000000C)
    __rt_lib_init_return                     0x0000033b   Thumb Code     0  libinit2.o(.ARM.Collect$$libinit$$00000031)
    __rt_lib_init_signal_1                   0x0000033b   Thumb Code     0  libinit2.o(.ARM.Collect$$libinit$$0000001B)
    __rt_lib_init_stdio_1                    0x0000033b   Thumb Code     0  libinit2.o(.ARM.Collect$$libinit$$00000023)
    __rt_lib_init_user_alloc_1               0x0000033b   Thumb Code     0  libinit2.o(.ARM.Collect$$libinit$$0000000A)
    __rt_lib_shutdown                        0x0000033d   Thumb Code     0  libshutdown.o(.ARM.Collect$$libshutdown$$00000000)
    __rt_lib_shutdown_fp_trap_1              0x0000033f   Thumb Code     0  libshutdown2.o(.ARM.Collect$$libshutdown$$00000006)
    __rt_lib_shutdown_heap_1                 0x0000033f   Thumb Code     0  libshutdown2.o(.ARM.Collect$$libshutdown$$0000000E)
    __rt_lib_shutdown_return                 0x0000033f   Thumb Code     0  libshutdown2.o(.ARM.Collect$$libshutdown$$0000000F)
    __rt_lib_shutdown_signal_1               0x0000033f   Thumb Code     0  libshutdown2.o(.ARM.Collect$$libshutdown$$00000009)
    __rt_lib_shutdown_stdio_1                0x0000033f   Thumb Code     0  libshutdown2.o(.ARM.Collect$$libshutdown$$00000003)
    __rt_lib_shutdown_user_alloc_1           0x0000033f   Thumb Code     0  libshutdown2.o(.ARM.Collect$$libshutdown$$0000000B)
    __rt_entry                               0x00000341   Thumb Code     0  rtentry.o(.ARM.Collect$$rtentry$$00000000)
    __rt_entry_presh_1                       0x00000341   Thumb Code     0  rtentry2.o(.ARM.Collect$$rtentry$$00000002)
    __rt_entry_sh                            0x00000341   Thumb Code     0  rtentry4.o(.ARM.Collect$$rtentry$$00000004)
    __rt_entry_li                            0x00000347   Thumb Code     0  rtentry2.o(.ARM.Collect$$rtentry$$0000000A)
    __rt_entry_postsh_1                      0x00000347   Thumb Code     0  rtentry2.o(.ARM.Collect$$rtentry$$00000009)
    __rt_entry_main                          0x0000034b   Thumb Code     0  rtentry2.o(.ARM.Collect$$rtentry$$0000000D)
    __rt_entry_postli_1                      0x0000034b   Thumb Code     0  rtentry2.o(.ARM.Collect$$rtentry$$0000000C)
    __rt_exit                                0x00000353   Thumb Code     0  rtexit.o(.ARM.Collect$$rtexit$$00000000)
    __rt_exit_ls                             0x00000355   Thumb Code     0  rtexit2.o(.ARM.Collect$$rtexit$$00000003)
    __rt_exit_prels_1                        0x00000355   Thumb Code     0  rtexit2.o(.ARM.Collect$$rtexit$$00000002)
    __rt_exit_exit                           0x00000359   Thumb Code     0  rtexit2.o(.ARM.Collect$$rtexit$$00000004)
    DisableInterrupts                        0x00000361   Thumb Code     0  startup.o(.text)
    EnableInterrupts                         0x00000365   Thumb Code     0  startup.o(.text)
    StartCritical                            0x00000369   Thumb Code     0  startup.o(.text)
    EndCritical                              0x00000371   Thumb Code     0  startup.o(.text)
    WaitForInterrupt                         0x00000377   Thumb Code     0  startup.o(.text)
    __user_initial_stackheap                 0x0000037b   Thumb Code     0  startup.o(.text)
    Random_Init                              0x00000391   Thumb Code     0  random.o(.text)
    Random32                                 0x0000039b   Thumb Code     2  random.o(.text)
    Random                                   0x000003ad   Thumb Code     2  random.o(.text)
    writecommand                             0x000003e1   Thumb Code     0  lcd.o(.text)
    writedata                                0x000003fd   Thumb Code     0  lcd.o(.text)
    __aeabi_memcpy4                          0x00000425   Thumb Code     0  rt_memcpy_w.o(.text)
    __aeabi_memcpy8                          0x00000425   Thumb Code     0  rt_memcpy_w.o(.text)
    __rt_memcpy_w                            0x00000425   Thumb Code   100  rt_memcpy_w.o(.text)
    _memcpy_lastbytes_aligned                0x0000046d   Thumb Code     0  rt_memcpy_w.o(.text)
    __use_two_region_memory                  0x00000489   Thumb Code     2  heapauxi.o(.text)
    __rt_heap_escrow$2region                 0x0000048b   Thumb Code     2  heapauxi.o(.text)
    __rt_heap_expand$2region                 0x0000048d   Thumb Code     2  heapauxi.o(.text)
    __user_setup_stackheap                   0x0000048f   Thumb Code    74  sys_stackheap_outer.o(.text)
    exit                                     0x000004d9   Thumb Code    12  exit.o(.text)
    __user_libspace                          0x000004e5   Thumb Code     8  libspace.o(.text)
    __user_perproc_libspace                  0x000004e5   Thumb Code     0  libspace.o(.text)
    __user_perthread_libspace                0x000004e5   Thumb Code     0  libspace.o(.text)
    _sys_exit                                0x000004ed   Thumb Code     8  sys_exit.o(.text)
    __I$use$semihosting                      0x000004f9   Thumb Code     0  use_no_semi.o(.text)
    __use_no_semihosting_swi                 0x000004f9   Thumb Code     2  use_no_semi.o(.text)
    ADC_Convert                              0x000004fb   Thumb Code    36  adc.o(i.ADC_Convert)
    __semihosting_library_function           0x000004fb   Thumb Code     0  indicate_semi.o(.text)
    ADC_In                                   0x00000521   Thumb Code    36  adc.o(i.ADC_In)
    ADC_Init                                 0x0000054d   Thumb Code   192  adc.o(i.ADC_Init)
    BossBoxCheck                             0x00000625   Thumb Code    74  bullethell.o(i.BossBoxCheck)
    BossBullet                               0x00000671   Thumb Code   178  bullethell.o(i.BossBullet)
    BossBullet_Init                          0x00000745   Thumb Code    26  bullethell.o(i.BossBullet_Init)
    Boss_Init                                0x00000765   Thumb Code    70  boss.o(i.Boss_Init)
    Bullet_Init                              0x000007b1   Thumb Code    38  bullet.o(i.Bullet_Init)
    Button_In                                0x000007e1   Thumb Code    10  button.o(i.Button_In)
    Button_Init                              0x000007f1   Thumb Code   160  button.o(i.Button_Init)
    ChooseRandAttack                         0x000008a5   Thumb Code    38  boss.o(i.ChooseRandAttack)
    Color_Init                               0x000008d1   Thumb Code   102  boss.o(i.Color_Init)
    Delay100ms                               0x00000955   Thumb Code    30  spaceinvaders.o(i.Delay100ms)
    Delay1ms                                 0x00000979   Thumb Code    32  st7735.o(i.Delay1ms)
    GPIOPortE_Handler                        0x00000999   Thumb Code    14  button.o(i.GPIOPortE_Handler)
    Menu                                     0x000009b1   Thumb Code    48  mainmenu.o(i.Menu)
    MoveX                                    0x000009e9   Thumb Code    78  movement.o(i.MoveX)
    Move_Player                              0x00000a39   Thumb Code    24  player.o(i.Move_Player)
    PLL_Init                                 0x00000a59   Thumb Code   118  pll.o(i.PLL_Init)
    PlayerBulletHell                         0x00000ad5   Thumb Code   146  bullethell.o(i.PlayerBulletHell)
    Player_Init                              0x00000b79   Thumb Code    32  player.o(i.Player_Init)
    Process_Move                             0x00000b9d   Thumb Code    38  movement.o(i.Process_Move)
    ST7735_Color565                          0x00000bc3   Thumb Code    24  st7735.o(i.ST7735_Color565)
    ST7735_DrawBitmap                        0x00000bdd   Thumb Code   280  st7735.o(i.ST7735_DrawBitmap)
    ST7735_FillRect                          0x00000cfd   Thumb Code   164  st7735.o(i.ST7735_FillRect)
    ST7735_FillScreen                        0x00000da9   Thumb Code    28  st7735.o(i.ST7735_FillScreen)
    ST7735_InitR                             0x00000dcd   Thumb Code    90  st7735.o(i.ST7735_InitR)
    ST7735_SetCursor                         0x00000e49   Thumb Code    22  st7735.o(i.ST7735_SetCursor)
    SysTick_Handler                          0x00000e69   Thumb Code    28  systick.o(i.SysTick_Handler)
    SysTick_Init                             0x00000e91   Thumb Code    42  systick.o(i.SysTick_Init)
    Timer0A_Handler                          0x00000ec5   Thumb Code     8  displaymap.o(i.Timer0A_Handler)
    Timer1A_Handler                          0x00000ed1   Thumb Code    16  timer1.o(i.Timer1A_Handler)
    checkBulletBoss                          0x00000ee9   Thumb Code   158  bullethell.o(i.checkBulletBoss)
    checkBulletEdge                          0x00000f95   Thumb Code    46  bullet.o(i.checkBulletEdge)
    checkBulletPlayer                        0x00000fc5   Thumb Code    72  bullet.o(i.checkBulletPlayer)
    createBossBullet                         0x000011f1   Thumb Code   338  bullethell.o(i.createBossBullet)
    createBullet                             0x00001355   Thumb Code   222  bullet.o(i.createBullet)
    edgeCheck                                0x00001441   Thumb Code    42  bullet.o(i.edgeCheck)
    hitBoxCheck                              0x0000146b   Thumb Code    74  bullet.o(i.hitBoxCheck)
    main                                     0x000014b5   Thumb Code   152  spaceinvaders.o(i.main)
    moveBullet                               0x00001559   Thumb Code    82  bullet.o(i.moveBullet)
    dBfs                                     0x00001c02   Data         512  st7735.o(.constdata)
    CuteAlien                                0x00001e02   Data         260  player.o(.constdata)
    PlayerRightFrame_1                       0x00001f06   Data         352  player.o(.constdata)
    Bunker0                                  0x00002066   Data         180  player.o(.constdata)
    StackOverflow                            0x0000211a   Data         432  player.o(.constdata)
    MainMenu                                 0x000022ca   Data       40960  player.o(.constdata)
    Region$$Table$$Base                      0x0000c2cc   Number         0  anon$$obj.o(Region$$Table)
    Region$$Table$$Limit                     0x0000c2ec   Number         0  anon$$obj.o(Region$$Table)
    PeriodicTask1                            0x20000000   Data           4  timer1.o(.data)
    hellStage                                0x20000004   Data           1  spaceinvaders.o(.data)
    gameProgress                             0x20000005   Data           1  spaceinvaders.o(.data)
    endinvaders                              0x20000008   Data           4  spaceinvaders.o(.data)
    StX                                      0x2000000c   Data           4  st7735.o(.data)
    StY                                      0x20000010   Data           4  st7735.o(.data)
    StTextColor                              0x20000014   Data           2  st7735.o(.data)
    lastj                                    0x2000001c   Data           4  st7735.o(.data)
    Messageindex                             0x20000024   Data           4  st7735.o(.data)
    Ymax                                     0x20000028   Data           4  st7735.o(.data)
    Ymin                                     0x2000002c   Data           4  st7735.o(.data)
    X                                        0x20000030   Data           4  st7735.o(.data)
    Yrange                                   0x20000034   Data           4  st7735.o(.data)
    playerflag                               0x20000038   Data           1  systick.o(.data)
    CurrentMove                              0x20000039   Data           1  systick.o(.data)
    BulletCount                              0x2000003c   Data           4  bullet.o(.data)
    EnemyBulletCount                         0x20000040   Data           4  bullet.o(.data)
    TriggerCount                             0x20000044   Data           4  bullet.o(.data)
    TriggerCountPlayer                       0x20000048   Data           4  bullet.o(.data)
    Trigger                                  0x20000054   Data           1  bullet.o(.data)
    TriggerEnemy                             0x20000055   Data           1  bullet.o(.data)
    MenuCursor                               0x20000058   Data          12  mainmenu.o(.data)
    CursorState                              0x20000064   Data           1  mainmenu.o(.data)
    Player1                                  0x20000068   Data          20  player.o(.data)
    buttonStatus                             0x2000007c   Data           1  button.o(.data)
    bossNum                                  0x20000080   Data           1  boss.o(.data)
    randColor                                0x20000082   Data           2  boss.o(.data)
    ConeVertVel                              0x20000084   Data          32  boss.o(.data)
    CircleBlastVel                           0x200000a4   Data          64  boss.o(.data)
    BeamVel                                  0x200000e4   Data           4  boss.o(.data)
    Boss1                                    0x200000e8   Data          60  boss.o(.data)
    Bosses                                   0x20000124   Data          24  boss.o(.data)
    red                                      0x2000013c   Data           2  boss.o(.data)
    lblue                                    0x2000013e   Data           2  boss.o(.data)
    dblue                                    0x20000140   Data           2  boss.o(.data)
    pink                                     0x20000142   Data           2  boss.o(.data)
    green                                    0x20000144   Data           2  boss.o(.data)
    yellow                                   0x20000146   Data           2  boss.o(.data)
    orange                                   0x20000148   Data           2  boss.o(.data)
    TriggerCountBoss                         0x2000014c   Data           4  bullethell.o(.data)
    HellTrigger                              0x20000150   Data           4  bullethell.o(.data)
    BossBulletCount                          0x20000154   Data           4  bullethell.o(.data)
    bossShotState                            0x20000158   Data           2  bullethell.o(.data)
    TriggerBoss                              0x20000164   Data           1  bullethell.o(.data)
    PlayerBullets                            0x2000016c   Data        1000  bullet.o(.bss)
    EnemyBullets                             0x20000554   Data        1000  bullet.o(.bss)
    BossBullets                              0x2000093c   Data        1000  bullethell.o(.bss)
    attack                                   0x20000d24   Data          20  bullethell.o(.bss)
    __libspace_start                         0x20000d38   Data          96  libspace.o(.bss)
    __temporary_stack_top$libspace           0x20000d98   Data           0  libspace.o(.bss)



==============================================================================

Memory Map of the image

  Image Entry point : 0x0000026d

  Load Region LR_1 (Base: 0x00000000, Size: 0x0000c458, Max: 0xffffffff, ABSOLUTE, COMPRESSED[0x0000c378])

    Execution Region ER_RO (Base: 0x00000000, Size: 0x0000c2ec, Max: 0xffffffff, ABSOLUTE)

    Base Addr    Size         Type   Attr      Idx    E Section Name        Object

    0x00000000   0x00000284   Code   RO            3  * RESET               startup.o
    0x00000284   0x00000008   Code   RO          886  * !!!main             c_w.l(__main.o)
    0x0000028c   0x00000034   Code   RO         1042    !!!scatter          c_w.l(__scatter.o)
    0x000002c0   0x0000005a   Code   RO         1040    !!dczerorl2         c_w.l(__dczerorl2.o)
    0x0000031a   0x00000002   PAD
    0x0000031c   0x0000001c   Code   RO         1044    !!handler_zi        c_w.l(__scatter_zi.o)
    0x00000338   0x00000002   Code   RO          913    .ARM.Collect$$libinit$$00000000  c_w.l(libinit.o)
    0x0000033a   0x00000000   Code   RO          920    .ARM.Collect$$libinit$$00000002  c_w.l(libinit2.o)
    0x0000033a   0x00000000   Code   RO          923    .ARM.Collect$$libinit$$00000008  c_w.l(libinit2.o)
    0x0000033a   0x00000000   Code   RO          925    .ARM.Collect$$libinit$$0000000A  c_w.l(libinit2.o)
    0x0000033a   0x00000000   Code   RO          927    .ARM.Collect$$libinit$$0000000C  c_w.l(libinit2.o)
    0x0000033a   0x00000000   Code   RO          930    .ARM.Collect$$libinit$$0000000F  c_w.l(libinit2.o)
    0x0000033a   0x00000000   Code   RO          932    .ARM.Collect$$libinit$$00000011  c_w.l(libinit2.o)
    0x0000033a   0x00000000   Code   RO          934    .ARM.Collect$$libinit$$00000013  c_w.l(libinit2.o)
    0x0000033a   0x00000000   Code   RO          936    .ARM.Collect$$libinit$$00000015  c_w.l(libinit2.o)
    0x0000033a   0x00000000   Code   RO          938    .ARM.Collect$$libinit$$00000017  c_w.l(libinit2.o)
    0x0000033a   0x00000000   Code   RO          940    .ARM.Collect$$libinit$$00000019  c_w.l(libinit2.o)
    0x0000033a   0x00000000   Code   RO          942    .ARM.Collect$$libinit$$0000001B  c_w.l(libinit2.o)
    0x0000033a   0x00000000   Code   RO          944    .ARM.Collect$$libinit$$0000001D  c_w.l(libinit2.o)
    0x0000033a   0x00000000   Code   RO          946    .ARM.Collect$$libinit$$0000001F  c_w.l(libinit2.o)
    0x0000033a   0x00000000   Code   RO          948    .ARM.Collect$$libinit$$00000021  c_w.l(libinit2.o)
    0x0000033a   0x00000000   Code   RO          950    .ARM.Collect$$libinit$$00000023  c_w.l(libinit2.o)
    0x0000033a   0x00000000   Code   RO          954    .ARM.Collect$$libinit$$0000002A  c_w.l(libinit2.o)
    0x0000033a   0x00000000   Code   RO          956    .ARM.Collect$$libinit$$0000002C  c_w.l(libinit2.o)
    0x0000033a   0x00000000   Code   RO          958    .ARM.Collect$$libinit$$0000002E  c_w.l(libinit2.o)
    0x0000033a   0x00000000   Code   RO          960    .ARM.Collect$$libinit$$00000030  c_w.l(libinit2.o)
    0x0000033a   0x00000002   Code   RO          961    .ARM.Collect$$libinit$$00000031  c_w.l(libinit2.o)
    0x0000033c   0x00000002   Code   RO          981    .ARM.Collect$$libshutdown$$00000000  c_w.l(libshutdown.o)
    0x0000033e   0x00000000   Code   RO          995    .ARM.Collect$$libshutdown$$00000003  c_w.l(libshutdown2.o)
    0x0000033e   0x00000000   Code   RO          998    .ARM.Collect$$libshutdown$$00000006  c_w.l(libshutdown2.o)
    0x0000033e   0x00000000   Code   RO         1001    .ARM.Collect$$libshutdown$$00000009  c_w.l(libshutdown2.o)
    0x0000033e   0x00000000   Code   RO         1003    .ARM.Collect$$libshutdown$$0000000B  c_w.l(libshutdown2.o)
    0x0000033e   0x00000000   Code   RO         1006    .ARM.Collect$$libshutdown$$0000000E  c_w.l(libshutdown2.o)
    0x0000033e   0x00000002   Code   RO         1007    .ARM.Collect$$libshutdown$$0000000F  c_w.l(libshutdown2.o)
    0x00000340   0x00000000   Code   RO          888    .ARM.Collect$$rtentry$$00000000  c_w.l(rtentry.o)
    0x00000340   0x00000000   Code   RO          890    .ARM.Collect$$rtentry$$00000002  c_w.l(rtentry2.o)
    0x00000340   0x00000006   Code   RO          902    .ARM.Collect$$rtentry$$00000004  c_w.l(rtentry4.o)
    0x00000346   0x00000000   Code   RO          892    .ARM.Collect$$rtentry$$00000009  c_w.l(rtentry2.o)
    0x00000346   0x00000004   Code   RO          893    .ARM.Collect$$rtentry$$0000000A  c_w.l(rtentry2.o)
    0x0000034a   0x00000000   Code   RO          895    .ARM.Collect$$rtentry$$0000000C  c_w.l(rtentry2.o)
    0x0000034a   0x00000008   Code   RO          896    .ARM.Collect$$rtentry$$0000000D  c_w.l(rtentry2.o)
    0x00000352   0x00000002   Code   RO          917    .ARM.Collect$$rtexit$$00000000  c_w.l(rtexit.o)
    0x00000354   0x00000000   Code   RO          963    .ARM.Collect$$rtexit$$00000002  c_w.l(rtexit2.o)
    0x00000354   0x00000004   Code   RO          964    .ARM.Collect$$rtexit$$00000003  c_w.l(rtexit2.o)
    0x00000358   0x00000006   Code   RO          965    .ARM.Collect$$rtexit$$00000004  c_w.l(rtexit2.o)
    0x0000035e   0x00000002   PAD
    0x00000360   0x00000030   Code   RO            4    .text               startup.o
    0x00000390   0x00000040   Code   RO           13    .text               random.o
    0x000003d0   0x00000054   Code   RO          164    .text               lcd.o
    0x00000424   0x00000064   Code   RO          882    .text               c_w.l(rt_memcpy_w.o)
    0x00000488   0x00000006   Code   RO          884    .text               c_w.l(heapauxi.o)
    0x0000048e   0x0000004a   Code   RO          904    .text               c_w.l(sys_stackheap_outer.o)
    0x000004d8   0x0000000c   Code   RO          906    .text               c_w.l(exit.o)
    0x000004e4   0x00000008   Code   RO          914    .text               c_w.l(libspace.o)
    0x000004ec   0x0000000c   Code   RO          973    .text               c_w.l(sys_exit.o)
    0x000004f8   0x00000002   Code   RO          984    .text               c_w.l(use_no_semi.o)
    0x000004fa   0x00000000   Code   RO          986    .text               c_w.l(indicate_semi.o)
    0x000004fa   0x00000024   Code   RO           44    i.ADC_Convert       adc.o
    0x0000051e   0x00000002   PAD
    0x00000520   0x0000002c   Code   RO           45    i.ADC_In            adc.o
    0x0000054c   0x000000d8   Code   RO           46    i.ADC_Init          adc.o
    0x00000624   0x0000004a   Code   RO          830    i.BossBoxCheck      bullethell.o
    0x0000066e   0x00000002   PAD
    0x00000670   0x000000d4   Code   RO          831    i.BossBullet        bullethell.o
    0x00000744   0x00000020   Code   RO          832    i.BossBullet_Init   bullethell.o
    0x00000764   0x0000004c   Code   RO          799    i.Boss_Init         boss.o
    0x000007b0   0x00000030   Code   RO          576    i.Bullet_Init       bullet.o
    0x000007e0   0x00000010   Code   RO          766    i.Button_In         button.o
    0x000007f0   0x000000b4   Code   RO          767    i.Button_Init       button.o
    0x000008a4   0x0000002c   Code   RO          800    i.ChooseRandAttack  boss.o
    0x000008d0   0x00000084   Code   RO          801    i.Color_Init        boss.o
    0x00000954   0x00000024   Code   RO          170    i.Delay100ms        spaceinvaders.o
    0x00000978   0x00000020   Code   RO          228    i.Delay1ms          st7735.o
    0x00000998   0x00000018   Code   RO          769    i.GPIOPortE_Handler  button.o
    0x000009b0   0x00000038   Code   RO          674    i.Menu              mainmenu.o
    0x000009e8   0x0000004e   Code   RO          534    i.MoveX             movement.o
    0x00000a36   0x00000002   PAD
    0x00000a38   0x00000020   Code   RO          696    i.Move_Player       player.o
    0x00000a58   0x0000007c   Code   RO          491    i.PLL_Init          pll.o
    0x00000ad4   0x000000a4   Code   RO          833    i.PlayerBulletHell  bullethell.o
    0x00000b78   0x00000024   Code   RO          697    i.Player_Init       player.o
    0x00000b9c   0x00000026   Code   RO          536    i.Process_Move      movement.o
    0x00000bc2   0x00000018   Code   RO          234    i.ST7735_Color565   st7735.o
    0x00000bda   0x00000002   PAD
    0x00000bdc   0x00000120   Code   RO          235    i.ST7735_DrawBitmap  st7735.o
    0x00000cfc   0x000000ac   Code   RO          242    i.ST7735_FillRect   st7735.o
    0x00000da8   0x00000024   Code   RO          243    i.ST7735_FillScreen  st7735.o
    0x00000dcc   0x0000007c   Code   RO          245    i.ST7735_InitR      st7735.o
    0x00000e48   0x00000020   Code   RO          258    i.ST7735_SetCursor  st7735.o
    0x00000e68   0x00000028   Code   RO          503    i.SysTick_Handler   systick.o
    0x00000e90   0x00000034   Code   RO          504    i.SysTick_Init      systick.o
    0x00000ec4   0x0000000c   Code   RO          558    i.Timer0A_Handler   displaymap.o
    0x00000ed0   0x00000018   Code   RO           71    i.Timer1A_Handler   timer1.o
    0x00000ee8   0x000000ac   Code   RO          834    i.checkBulletBoss   bullethell.o
    0x00000f94   0x0000002e   Code   RO          579    i.checkBulletEdge   bullet.o
    0x00000fc2   0x00000002   PAD
    0x00000fc4   0x00000050   Code   RO          582    i.checkBulletPlayer  bullet.o
    0x00001014   0x00000056   Code   RO          262    i.commandList       st7735.o
    0x0000106a   0x00000002   PAD
    0x0000106c   0x00000184   Code   RO          263    i.commonInit        st7735.o
    0x000011f0   0x00000164   Code   RO          835    i.createBossBullet  bullethell.o
    0x00001354   0x000000ec   Code   RO          584    i.createBullet      bullet.o
    0x00001440   0x0000002a   Code   RO          586    i.edgeCheck         bullet.o
    0x0000146a   0x0000004a   Code   RO          588    i.hitBoxCheck       bullet.o
    0x000014b4   0x000000a4   Code   RO          171    i.main              spaceinvaders.o
    0x00001558   0x00000052   Code   RO          589    i.moveBullet        bullet.o
    0x000015aa   0x00000002   PAD
    0x000015ac   0x00000074   Code   RO          269    i.setAddrWindow     st7735.o
    0x00001620   0x000007e2   Data   RO          271    .constdata          st7735.o
    0x00001e02   0x0000a4c8   Data   RO          698    .constdata          player.o
    0x0000c2ca   0x00000002   PAD
    0x0000c2cc   0x00000020   Data   RO         1038    Region$$Table       anon$$obj.o


    Execution Region ER_RW (Base: 0x20000000, Size: 0x0000016c, Max: 0xffffffff, ABSOLUTE, COMPRESSED[0x0000008c])

    Base Addr    Size         Type   Attr      Idx    E Section Name        Object

    0x20000000   0x00000004   Data   RW           73    .data               timer1.o
    0x20000004   0x00000008   Data   RW          172    .data               spaceinvaders.o
    0x2000000c   0x0000002c   Data   RW          272    .data               st7735.o
    0x20000038   0x00000002   Data   RW          505    .data               systick.o
    0x2000003a   0x00000002   PAD
    0x2000003c   0x0000001a   Data   RW          591    .data               bullet.o
    0x20000056   0x00000002   PAD
    0x20000058   0x0000000d   Data   RW          676    .data               mainmenu.o
    0x20000065   0x00000003   PAD
    0x20000068   0x00000014   Data   RW          699    .data               player.o
    0x2000007c   0x00000001   Data   RW          770    .data               button.o
    0x2000007d   0x00000003   PAD
    0x20000080   0x000000ca   Data   RW          802    .data               boss.o
    0x2000014a   0x00000002   PAD
    0x2000014c   0x00000019   Data   RW          837    .data               bullethell.o
    0x20000165   0x00000003   PAD
    0x20000168   0x00000004   Data   RW           12    DATA                random.o


    Execution Region ER_ZI (Base: 0x2000016c, Size: 0x0000102c, Max: 0xffffffff, ABSOLUTE)

    Base Addr    Size         Type   Attr      Idx    E Section Name        Object

    0x2000016c   0x000007d0   Zero   RW          590    .bss                bullet.o
    0x2000093c   0x000003fc   Zero   RW          836    .bss                bullethell.o
    0x20000d38   0x00000060   Zero   RW          915    .bss                c_w.l(libspace.o)
    0x20000d98   0x00000000   Zero   RW            2    HEAP                startup.o
    0x20000d98   0x00000400   Zero   RW            1    STACK               startup.o


==============================================================================

Image component sizes


      Code (inc. data)   RO Data    RW Data    ZI Data      Debug   Object Name

       296         32          0          0          0       1614   adc.o
       252         42          0        202          0       2917   boss.o
       608         32          0         26       2000       5638   bullet.o
      1010         90          0         25       1020       5280   bullethell.o
       220         36          0          1          0       1365   button.o
         0          0          0          0          0       4212   dac.o
        12          4          0          0          0        378   displaymap.o
        84         12          0          0          0        220   lcd.o
        56          8          0         13          0        612   mainmenu.o
       116          0          0          0          0       1227   movement.o
        68         12      42184         20          0       1462   player.o
       124          6          0          0          0        427   pll.o
        64         14          0          4          0        212   random.o
       200         18          0          8          0       4476   spaceinvaders.o
      1298        126       2018         44          0       9130   st7735.o
       692        632          0          0       1024        932   startup.o
        92         22          0          2          0       1746   systick.o
        24          8          0          4          0        854   timer1.o

    ----------------------------------------------------------------------
      5230       1094      44236        364       4044      42702   Object Totals
         0          0         32          0          0          0   (incl. Generated)
        14          0          2         15          0          0   (incl. Padding)

    ----------------------------------------------------------------------

      Code (inc. data)   RO Data    RW Data    ZI Data      Debug   Library Member Name

        90          0          0          0          0          0   __dczerorl2.o
         8          0          0          0          0         68   __main.o
        52          8          0          0          0          0   __scatter.o
        28          0          0          0          0          0   __scatter_zi.o
        12          0          0          0          0         72   exit.o
         6          0          0          0          0        152   heapauxi.o
         0          0          0          0          0          0   indicate_semi.o
         2          0          0          0          0          0   libinit.o
         2          0          0          0          0          0   libinit2.o
         2          0          0          0          0          0   libshutdown.o
         2          0          0          0          0          0   libshutdown2.o
         8          4          0          0         96         68   libspace.o
       100          0          0          0          0         80   rt_memcpy_w.o
         0          0          0          0          0          0   rtentry.o
        12          0          0          0          0          0   rtentry2.o
         6          0          0          0          0          0   rtentry4.o
         2          0          0          0          0          0   rtexit.o
        10          0          0          0          0          0   rtexit2.o
        12          4          0          0          0         68   sys_exit.o
        74          0          0          0          0         80   sys_stackheap_outer.o
         2          0          0          0          0         68   use_no_semi.o

    ----------------------------------------------------------------------
       434         16          0          0         96        656   Library Totals
         4          0          0          0          0          0   (incl. Padding)

    ----------------------------------------------------------------------

      Code (inc. data)   RO Data    RW Data    ZI Data      Debug   Library Name

       430         16          0          0         96        656   c_w.l

    ----------------------------------------------------------------------
       434         16          0          0         96        656   Library Totals

    ----------------------------------------------------------------------

==============================================================================


      Code (inc. data)   RO Data    RW Data    ZI Data      Debug   

      5664       1110      44236        364       4140      40914   Grand Totals
      5664       1110      44236        140       4140      40914   ELF Image Totals (compressed)
      5664       1110      44236        140          0          0   ROM Totals

==============================================================================

    Total RO  Size (Code + RO Data)                49900 (  48.73kB)
    Total RW  Size (RW Data + ZI Data)              4504 (   4.40kB)
    Total ROM Size (Code + RO Data + RW Data)      50040 (  48.87kB)

==============================================================================

