<html>
<body>
<pre>
<h1>µVision Build Log</h1>
<h2>Project:</h2>
C:\Users\eli42\Documents\GitHub\lab-10-c-spaceinvader-erick-royce\SpaceInvaders.uvproj
Project File Date:  04/30/2018

<h2>Output:</h2>
Build target 'SpaceInvaders'
compiling Player.c...
compiling Boss.c...
linking...
Program Size: Code=10680 RO-data=207048 RW-data=540 ZI-data=6884  
".\SpaceInvaders.axf" - 0 Error(s), 0 Warning(s).
Load "C:\\Users\\eli42\\Documents\\GitHub\\lab-10-c-spaceinvader-erick-royce\\SpaceInvaders.axf" 
Connecting: Mode=JTAG, Speed=1000000Hz
Erase Done.
Programming Done.
Verify OK.
ce\\SpaceInvaders.axf" 
Connecting: Mode=JTAG, Speed=1000000Hz
Erase Done.
Programming Done.
Verify OK.
