<html>
<body>
<pre>
<h1>µVision Build Log</h1>
<h2>Project:</h2>
C:\Users\eli42\Documents\GitHub\lab-10-c-spaceinvader-erick-royce\SpaceInvaders.uvproj
Project File Date:  04/25/2018

<h2>Output:</h2>
Build target 'SpaceInvaders'
compiling Bullet.c...
linking...
Program Size: Code=3880 RO-data=5396 RW-data=76 ZI-data=1724  
".\SpaceInvaders.axf" - 0 Error(s), 0 Warning(s).
</pre>
</body>
</html>
 Code=3880 RO-data=5396 RW-data=76 ZI-data=1724  
".\SpaceInvaders.axf" - 0 Error(s), 0 Warning(s).
